210.199.227.18 - - [19/Jan/2015:02:57:15 -0800] "GET / HTTP/1.0" 301 498 "-" "curl/7.15.5 (i686-redhat-linux-gnu) libcurl/7.15.5 OpenSSL/0.9.8b zlib/1.2.3 libidn/0.6.5" 
68.180.228.46 - - [19/Jan/2015:04:23:01 -0800] "GET /robots.txt HTTP/1.1" 404 495 "-" "Mozilla/5.0 (compatible; Yahoo! Slurp; http://help.yahoo.com/help/us/ysearch/slurp)" 
68.180.228.46 - - [19/Jan/2015:04:23:02 -0800] "GET / HTTP/1.1" 304 133 "-" "Mozilla/5.0 (compatible; Yahoo! Slurp; http://help.yahoo.com/help/us/ysearch/slurp)" 
104.130.161.37 - - [19/Jan/2015:06:33:43 -0800] "GET /honeypot/BSidesDFW HTTP/1.1" 301 460 "-" "Tornado-Async-Client" 
104.130.161.37 - - [19/Jan/2015:06:33:43 -0800] "GET /honeypot/BSidesDFW HTTP/1.1" 404 444 "-" "Tornado-Async-Client" 
162.197.24.67 - - [19/Jan/2015:06:35:59 -0800] "GET / HTTP/1.1" 301 483 "-" "Mozilla/5.0 (Macintosh; Intel Mac OS X 10_10_1) AppleWebKit/537.36 (KHTML, like Gecko) Chrome/39.0.2171.95 Safari/537.36" 
162.197.24.67 - - [19/Jan/2015:06:35:59 -0800] "GET / HTTP/1.1" 200 6120 "-" "Mozilla/5.0 (Macintosh; Intel Mac OS X 10_10_1) AppleWebKit/537.36 (KHTML, like Gecko) Chrome/39.0.2171.95 Safari/537.36" 
162.197.24.67 - - [19/Jan/2015:06:35:59 -0800] "GET /twitter-icon.png HTTP/1.1" 200 27787 "http://www.secrepo.com/" "Mozilla/5.0 (Macintosh; Intel Mac OS X 10_10_1) AppleWebKit/537.36 (KHTML, like Gecko) Chrome/39.0.2171.95 Safari/537.36" 
162.197.24.67 - - [19/Jan/2015:06:36:00 -0800] "GET /bootstrap/img/favicon.ico HTTP/1.1" 404 504 "-" "Mozilla/5.0 (Macintosh; Intel Mac OS X 10_10_1) AppleWebKit/537.36 (KHTML, like Gecko) Chrome/39.0.2171.95 Safari/537.36" 
104.130.161.38 - - [19/Jan/2015:07:14:44 -0800] "GET /honeypot/BSidesDFW%20-%202014.ipynb HTTP/1.1" 301 484 "-" "Tornado-Async-Client" 
104.130.161.38 - - [19/Jan/2015:07:14:44 -0800] "GET /honeypot/BSidesDFW%20-%202014.ipynb HTTP/1.1" 200 930780 "-" "Tornado-Async-Client" 
66.249.67.151 - - [19/Jan/2015:08:47:06 -0800] "GET /robots.txt HTTP/1.1" 404 494 "-" "Mozilla/5.0 (compatible; Googlebot/2.1; +http://www.google.com/bot.html)" 
66.249.67.2 - - [19/Jan/2015:08:47:06 -0800] "GET /honeypot/Honeypot%20-%20Howto.pdf HTTP/1.1" 304 168 "-" "Mozilla/5.0 (compatible; Googlebot/2.1; +http://www.google.com/bot.html)" 
78.245.91.140 - - [19/Jan/2015:09:41:06 -0800] "GET /bootstrap/img/favicon.ico HTTP/1.1" 404 505 "-" "Mozilla/5.0 (Linux; Android 5.0.1; Nexus 9 Build/LRX22C) AppleWebKit/537.36 (KHTML, like Gecko) Chrome/39.0.2171.93 Safari/537.36" 
78.245.91.140 - - [19/Jan/2015:09:41:06 -0800] "GET /bootstrap/img/apple-touch-icon-114x114.png HTTP/1.1" 404 518 "-" "Mozilla/5.0 (Linux; Android 5.0.1; Nexus 9 Build/LRX22C) AppleWebKit/537.36 (KHTML, like Gecko) Chrome/39.0.2171.93 Safari/537.36" 
78.245.91.140 - - [19/Jan/2015:09:41:06 -0800] "GET /bootstrap/img/apple-touch-icon-72x72.png HTTP/1.1" 404 516 "-" "Mozilla/5.0 (Linux; Android 5.0.1; Nexus 9 Build/LRX22C) AppleWebKit/537.36 (KHTML, like Gecko) Chrome/39.0.2171.93 Safari/537.36" 
78.245.91.140 - - [19/Jan/2015:09:41:07 -0800] "GET /bootstrap/img/apple-touch-icon.png HTTP/1.1" 404 509 "-" "Mozilla/5.0 (Linux; Android 5.0.1; Nexus 9 Build/LRX22C) AppleWebKit/537.36 (KHTML, like Gecko) Chrome/39.0.2171.93 Safari/537.36" 
66.249.67.2 - - [19/Jan/2015:09:50:20 -0800] "GET /honeypot/BSidesDFW%20-%202014.ipynb HTTP/1.1" 304 167 "-" "Mozilla/5.0 (compatible; Googlebot/2.1; +http://www.google.com/bot.html)" 
107.128.42.12 - - [19/Jan/2015:09:57:14 -0800] "GET / HTTP/1.1" 301 483 "-" "Mozilla/5.0 (Macintosh; Intel Mac OS X 10.10; rv:34.0) Gecko/20100101 Firefox/34.0" 
107.128.42.12 - - [19/Jan/2015:09:57:15 -0800] "GET / HTTP/1.1" 200 6120 "-" "Mozilla/5.0 (Macintosh; Intel Mac OS X 10.10; rv:34.0) Gecko/20100101 Firefox/34.0" 
107.128.42.12 - - [19/Jan/2015:09:57:16 -0800] "GET /bootstrap/img/favicon.ico HTTP/1.1" 404 504 "-" "Mozilla/5.0 (Macintosh; Intel Mac OS X 10.10; rv:34.0) Gecko/20100101 Firefox/34.0" 
107.128.42.12 - - [19/Jan/2015:09:57:17 -0800] "GET /twitter-icon.png HTTP/1.1" 200 27787 "http://www.secrepo.com/" "Mozilla/5.0 (Macintosh; Intel Mac OS X 10.10; rv:34.0) Gecko/20100101 Firefox/34.0" 
107.128.42.12 - - [19/Jan/2015:09:57:21 -0800] "GET /bootstrap/img/favicon.ico HTTP/1.1" 404 505 "-" "Mozilla/5.0 (Macintosh; Intel Mac OS X 10.10; rv:34.0) Gecko/20100101 Firefox/34.0" 
38.100.136.34 - - [19/Jan/2015:10:11:54 -0800] "GET / HTTP/1.1" 301 483 "-" "Mozilla/5.0 (Windows NT 6.1; WOW64) AppleWebKit/537.36 (KHTML, like Gecko) Chrome/39.0.2171.99 Safari/537.36" 
38.100.136.34 - - [19/Jan/2015:10:11:54 -0800] "GET / HTTP/1.1" 200 6120 "-" "Mozilla/5.0 (Windows NT 6.1; WOW64) AppleWebKit/537.36 (KHTML, like Gecko) Chrome/39.0.2171.99 Safari/537.36" 
38.100.136.34 - - [19/Jan/2015:10:11:54 -0800] "GET /twitter-icon.png HTTP/1.1" 200 27787 "http://www.secrepo.com/" "Mozilla/5.0 (Windows NT 6.1; WOW64) AppleWebKit/537.36 (KHTML, like Gecko) Chrome/39.0.2171.99 Safari/537.36" 
38.100.136.34 - - [19/Jan/2015:10:11:55 -0800] "GET /bootstrap/img/favicon.ico HTTP/1.1" 404 504 "-" "Mozilla/5.0 (Windows NT 6.1; WOW64) AppleWebKit/537.36 (KHTML, like Gecko) Chrome/39.0.2171.99 Safari/537.36" 
46.109.67.155 - - [19/Jan/2015:10:26:11 -0800] "GET /honeypot/Honeypot%20-%20Howto.pdf HTTP/1.1" 206 33099 "http://www.secrepo.com/honeypot/Honeypot%20-%20Howto.pdf" "Mozilla/5.0 (Windows NT 6.3; WOW64) AppleWebKit/537.36 (KHTML, like Gecko) Chrome/39.0.2171.99 Safari/537.36" 
46.109.67.155 - - [19/Jan/2015:10:26:11 -0800] "GET /honeypot/Honeypot%20-%20Howto.pdf HTTP/1.1" 200 115340 "https://www.google.lv/" "Mozilla/5.0 (Windows NT 6.3; WOW64) AppleWebKit/537.36 (KHTML, like Gecko) Chrome/39.0.2171.99 Safari/537.36" 
46.109.67.155 - - [19/Jan/2015:10:26:11 -0800] "GET /honeypot/Honeypot%20-%20Howto.pdf HTTP/1.1" 206 1246706 "http://www.secrepo.com/honeypot/Honeypot%20-%20Howto.pdf" "Mozilla/5.0 (Windows NT 6.3; WOW64) AppleWebKit/537.36 (KHTML, like Gecko) Chrome/39.0.2171.99 Safari/537.36" 
46.109.67.155 - - [19/Jan/2015:10:26:15 -0800] "GET /favicon.ico HTTP/1.1" 200 267 "-" "Mozilla/5.0 (Windows NT 6.3; WOW64) AppleWebKit/537.36 (KHTML, like Gecko) Chrome/39.0.2171.99 Safari/537.36" 
66.249.67.2 - - [19/Jan/2015:10:46:47 -0800] "GET /honeypot/Honeypot%20-%20Howto.pdf HTTP/1.1" 304 168 "-" "Mozilla/5.0 (compatible; Googlebot/2.1; +http://www.google.com/bot.html)" 
46.109.67.155 - - [19/Jan/2015:11:08:55 -0800] "GET /honeypot/Honeypot%20-%20Howto.pdf HTTP/1.1" 206 33099 "http://www.secrepo.com/honeypot/Honeypot%20-%20Howto.pdf" "Mozilla/5.0 (Windows NT 6.3; WOW64) AppleWebKit/537.36 (KHTML, like Gecko) Chrome/39.0.2171.99 Safari/537.36" 
46.109.67.155 - - [19/Jan/2015:11:08:54 -0800] "GET /honeypot/Honeypot%20-%20Howto.pdf HTTP/1.1" 200 46720 "https://www.google.lv/" "Mozilla/5.0 (Windows NT 6.3; WOW64) AppleWebKit/537.36 (KHTML, like Gecko) Chrome/39.0.2171.99 Safari/537.36" 
46.109.67.155 - - [19/Jan/2015:11:08:55 -0800] "GET /honeypot/Honeypot%20-%20Howto.pdf HTTP/1.1" 206 1246706 "http://www.secrepo.com/honeypot/Honeypot%20-%20Howto.pdf" "Mozilla/5.0 (Windows NT 6.3; WOW64) AppleWebKit/537.36 (KHTML, like Gecko) Chrome/39.0.2171.99 Safari/537.36" 
46.109.67.155 - - [19/Jan/2015:11:08:58 -0800] "GET /favicon.ico HTTP/1.1" 200 267 "-" "Mozilla/5.0 (Windows NT 6.3; WOW64) AppleWebKit/537.36 (KHTML, like Gecko) Chrome/39.0.2171.99 Safari/537.36" 
81.29.209.237 - - [19/Jan/2015:11:16:47 -0800] "GET / HTTP/1.0" 301 461 "-" "-" 
81.29.209.237 - - [19/Jan/2015:11:16:47 -0800] "GET /wp-login.php HTTP/1.0" 301 485 "-" "-" 
81.29.209.237 - - [19/Jan/2015:11:16:48 -0800] "GET /administrator/index.php HTTP/1.0" 301 507 "-" "-" 
78.245.91.140 - - [19/Jan/2015:11:19:24 -0800] "GET /bootstrap/img/favicon.ico HTTP/1.1" 404 505 "-" "Mozilla/5.0 (Linux; Android 5.0.1; Nexus 9 Build/LRX22C) AppleWebKit/537.36 (KHTML, like Gecko) Chrome/39.0.2171.93 Safari/537.36" 
78.245.91.140 - - [19/Jan/2015:11:19:24 -0800] "GET /bootstrap/img/apple-touch-icon-114x114.png HTTP/1.1" 404 518 "-" "Mozilla/5.0 (Linux; Android 5.0.1; Nexus 9 Build/LRX22C) AppleWebKit/537.36 (KHTML, like Gecko) Chrome/39.0.2171.93 Safari/537.36" 
78.245.91.140 - - [19/Jan/2015:11:19:24 -0800] "GET /bootstrap/img/apple-touch-icon-72x72.png HTTP/1.1" 404 516 "-" "Mozilla/5.0 (Linux; Android 5.0.1; Nexus 9 Build/LRX22C) AppleWebKit/537.36 (KHTML, like Gecko) Chrome/39.0.2171.93 Safari/537.36" 
78.245.91.140 - - [19/Jan/2015:11:19:24 -0800] "GET /bootstrap/img/apple-touch-icon.png HTTP/1.1" 404 509 "-" "Mozilla/5.0 (Linux; Android 5.0.1; Nexus 9 Build/LRX22C) AppleWebKit/537.36 (KHTML, like Gecko) Chrome/39.0.2171.93 Safari/537.36" 
66.249.67.58 - - [19/Jan/2015:11:46:39 -0800] "GET /robots.txt HTTP/1.1" 301 502 "-" "Mozilla/5.0 (compatible; Googlebot/2.1; +http://www.google.com/bot.html)" 
66.249.67.159 - - [19/Jan/2015:11:46:39 -0800] "GET /robots.txt HTTP/1.1" 404 494 "-" "Mozilla/5.0 (compatible; Googlebot/2.1; +http://www.google.com/bot.html)" 
66.249.67.50 - - [19/Jan/2015:11:46:39 -0800] "GET / HTTP/1.1" 301 483 "-" "Mozilla/5.0 (compatible; Googlebot/2.1; +http://www.google.com/bot.html)" 
66.249.67.159 - - [19/Jan/2015:11:46:39 -0800] "GET / HTTP/1.1" 200 6120 "-" "Mozilla/5.0 (compatible; Googlebot/2.1; +http://www.google.com/bot.html)" 
94.23.150.70 - - [19/Jan/2015:12:22:54 -0800] "GET /honeypot/BSidesDFW%20-%202014.ipynb HTTP/1.1" 200 386900 "-" "Mozilla/4.0 (compatible; MSIE 6.0; Windows NT 5.1)" 
94.23.150.70 - - [19/Jan/2015:12:22:57 -0800] "POST /honeypot/BSidesDFW%20-%202014.ipynb/trackback/ HTTP/1.1" 404 481 "http://www.secrepo.com/honeypot/BSidesDFW - 2014.ipynb" "Mozilla/4.0 (compatible; MSIE 6.0; Windows NT 5.1; SV1; Mozilla/4.0 (compatible; MSIE 6.0; Windows NT 5.1; SV1) ; .NET CLR 2.0.50727 ; .NET CLR 4.0.30319)" 
87.98.249.39 - - [19/Jan/2015:12:26:44 -0800] "GET /honeypot/BSidesDFW%20-%202014.ipynb HTTP/1.1" 200 440920 "-" "Mozilla/4.0 (compatible; MSIE 6.0; Windows NT 5.1; SV1; Mozilla/4.0 (compatible; MSIE 6.0; Windows NT 5.1; SV1) ; .NET CLR 1.0.3705)" 
87.98.249.39 - - [19/Jan/2015:12:26:45 -0800] "POST /honeypot/BSidesDFW%20-%202014.ipynb/trackback/ HTTP/1.1" 404 481 "http://www.secrepo.com/honeypot/BSidesDFW - 2014.ipynb" "Mozilla/4.0 (compatible; MSIE 6.0; Windows NT 5.1; SV1; Mozilla/4.0 (compatible; MSIE 6.0; Windows NT 5.1; SV1) ; .NET CLR 2.0.50727 ; .NET CLR 4.0.30319)" 
66.249.67.2 - - [19/Jan/2015:12:47:16 -0800] "GET /honeypot/Honeypot%20-%20Howto.pdf HTTP/1.1" 304 168 "-" "Mozilla/5.0 (compatible; Googlebot/2.1; +http://www.google.com/bot.html)" 
207.241.226.216 - - [19/Jan/2015:13:40:54 -0800] "GET /robots.txt HTTP/1.1" 301 481 "-" "Mozilla/5.0 (compatible; archive.org_bot; Wayback Machine Live Record; +http://archive.org/details/archive.org_bot)" 
69.171.230.115 - - [19/Jan/2015:13:40:55 -0800] "GET /honeypot/bsidesdfw%20-%202014.ipynb HTTP/1.1" 404 472 "-" "facebookexternalhit/1.1 (+http://www.facebook.com/externalhit_uatext.php)" 
207.241.226.216 - - [19/Jan/2015:13:40:55 -0800] "GET /robots.txt HTTP/1.1" 404 514 "-" "Mozilla/5.0 (compatible; archive.org_bot; Wayback Machine Live Record; +http://archive.org/details/archive.org_bot)" 
207.241.226.216 - - [19/Jan/2015:13:40:55 -0800] "GET /robots.txt HTTP/1.1" 404 514 "-" "Mozilla/5.0 (compatible; archive.org_bot; Wayback Machine Live Record; +http://archive.org/details/archive.org_bot)" 
207.241.226.216 - - [19/Jan/2015:13:40:55 -0800] "GET / HTTP/1.1" 301 461 "-" "Mozilla/5.0 (compatible; archive.org_bot; Wayback Machine Live Record; +http://archive.org/details/archive.org_bot)" 
78.111.187.151 - - [19/Jan/2015:13:40:57 -0800] "GET /honeypot/bsidesdfw%20-%202014.ipynb HTTP/1.1" 404 509 "-" "Mozilla/5.0 (Windows NT 6.1; WOW64) AppleWebKit/537.36 (KHTML, like Gecko) Chrome/39.0.2171.95 Safari/537.36" 
66.249.67.159 - - [19/Jan/2015:14:15:21 -0800] "GET / HTTP/1.1" 200 6120 "-" "Mozilla/5.0 (compatible; Googlebot/2.1; +http://www.google.com/bot.html)" 
94.23.150.70 - - [19/Jan/2015:14:17:26 -0800] "GET /honeypot/BSidesDFW%20-%202014.ipynb HTTP/1.1" 200 350400 "-" "Mozilla/4.0 (compatible; MSIE 6.0; Windows NT 5.1; SV1; Mozilla/4.0 (compatible; MSIE 6.0; Windows NT 5.1; SV1) ; .NET CLR 1.0.3705)" 
94.23.150.70 - - [19/Jan/2015:14:17:29 -0800] "POST /honeypot/BSidesDFW%20-%202014.ipynb/trackback/ HTTP/1.1" 404 481 "http://www.secrepo.com/honeypot/BSidesDFW - 2014.ipynb" "Mozilla/4.0 (compatible; MSIE 6.0; Windows NT 5.1; SV1; Mozilla/4.0 (compatible; MSIE 6.0; Windows NT 5.1; SV1) )" 
94.11.172.235 - - [19/Jan/2015:14:47:44 -0800] "GET / HTTP/1.1" 301 483 "-" "Mozilla/5.0 (iPhone; CPU iPhone OS 8_1_2 like Mac OS X) AppleWebKit/600.1.4 (KHTML, like Gecko) Version/8.0 Mobile/12B440 Safari/600.1.4" 
94.11.172.235 - - [19/Jan/2015:14:47:45 -0800] "GET / HTTP/1.1" 200 6120 "-" "Mozilla/5.0 (iPhone; CPU iPhone OS 8_1_2 like Mac OS X) AppleWebKit/600.1.4 (KHTML, like Gecko) Version/8.0 Mobile/12B440 Safari/600.1.4" 
94.11.172.235 - - [19/Jan/2015:14:47:45 -0800] "GET /twitter-icon.png HTTP/1.1" 200 27787 "http://www.secrepo.com/" "Mozilla/5.0 (iPhone; CPU iPhone OS 8_1_2 like Mac OS X) AppleWebKit/600.1.4 (KHTML, like Gecko) Version/8.0 Mobile/12B440 Safari/600.1.4" 
87.98.249.39 - - [19/Jan/2015:15:03:37 -0800] "GET /honeypot/BSidesDFW%20-%202014.ipynb HTTP/1.1" 200 360620 "-" "Mozilla/4.0 (compatible; MSIE 6.0; Windows NT 5.1; SV1; Mozilla/4.0 (compatible; MSIE 6.0; Windows NT 5.1; SV1) ; .NET CLR 2.0.50727 ; .NET CLR 4.0.30319)" 
87.98.249.39 - - [19/Jan/2015:15:03:38 -0800] "POST /honeypot/BSidesDFW%20-%202014.ipynb/trackback/ HTTP/1.1" 418 547 "http://www.secrepo.com/honeypot/BSidesDFW - 2014.ipynb" "Mozilla/4.0 (compatible; MSIE 6.0; Windows NT 5.1; SV1)" 
66.249.67.151 - - [19/Jan/2015:15:05:20 -0800] "GET /honeypot/Honeypot%20-%20Howto.pdf HTTP/1.1" 304 168 "-" "Mozilla/5.0 (compatible; Googlebot/2.1; +http://www.google.com/bot.html)" 
66.249.67.159 - - [19/Jan/2015:15:43:08 -0800] "GET /honeypot/BSidesDFW%20-%202014.ipynb HTTP/1.1" 304 167 "-" "Mozilla/5.0 (compatible; Googlebot/2.1; +http://www.google.com/bot.html)" 
88.208.28.61 - - [19/Jan/2015:15:52:29 -0800] "GET / HTTP/1.0" 301 461 "-" "-" 
88.208.28.61 - - [19/Jan/2015:15:52:29 -0800] "GET /wp-login.php HTTP/1.0" 301 485 "-" "-" 
88.208.28.61 - - [19/Jan/2015:15:52:29 -0800] "GET /administrator/index.php HTTP/1.0" 301 507 "-" "-" 
88.208.28.61 - - [19/Jan/2015:15:52:30 -0800] "GET /user HTTP/1.0" 301 469 "-" "-" 
88.208.28.61 - - [19/Jan/2015:15:52:30 -0800] "GET /admin.php HTTP/1.0" 301 479 "-" "-" 
66.249.67.66 - - [19/Jan/2015:16:05:21 -0800] "GET / HTTP/1.1" 301 483 "-" "Mozilla/5.0 (compatible; Googlebot/2.1; +http://www.google.com/bot.html)" 
94.23.150.70 - - [19/Jan/2015:16:11:01 -0800] "GET /honeypot/BSidesDFW%20-%202014.ipynb HTTP/1.1" 200 367920 "-" "Mozilla/4.0 (compatible; MSIE 6.0; Windows NT 5.1; SV1; Mozilla/4.0 (compatible; MSIE 6.0; Windows NT 5.1; SV1) )" 
94.23.150.70 - - [19/Jan/2015:16:11:03 -0800] "POST /honeypot/BSidesDFW%20-%202014.ipynb/trackback/ HTTP/1.1" 404 481 "http://www.secrepo.com/honeypot/BSidesDFW - 2014.ipynb" "Mozilla/4.0 (compatible; MSIE 6.0; Windows NT 5.1)" 
107.3.237.116 - - [19/Jan/2015:16:29:51 -0800] "GET / HTTP/1.1" 304 189 "-" "Mozilla/5.0 (iPhone; CPU iPhone OS 8_1_2 like Mac OS X) AppleWebKit/600.1.4 (KHTML, like Gecko) Version/8.0 Mobile/12B440 Safari/600.1.4" 
66.249.67.151 - - [19/Jan/2015:16:45:22 -0800] "GET / HTTP/1.1" 200 6120 "-" "Mozilla/5.0 (compatible; Googlebot/2.1; +http://www.google.com/bot.html)" 
87.98.249.39 - - [19/Jan/2015:17:47:38 -0800] "GET /honeypot/BSidesDFW%20-%202014.ipynb HTTP/1.1" 200 370840 "-" "Mozilla/4.0 (compatible; MSIE 6.0; Windows NT 5.1; SV1; Mozilla/4.0 (compatible; MSIE 6.0; Windows NT 5.1; SV1) ; .NET CLR 1.0.3705)" 
87.98.249.39 - - [19/Jan/2015:17:47:41 -0800] "POST /honeypot/BSidesDFW%20-%202014.ipynb/trackback/ HTTP/1.1" 404 481 "http://www.secrepo.com/honeypot/BSidesDFW - 2014.ipynb" "Mozilla/4.0 (compatible; MSIE 6.0; Windows NT 5.1; SV1; Mozilla/4.0 (compatible; MSIE 6.0; Windows NT 5.1; SV1) )" 
66.249.67.151 - - [19/Jan/2015:17:55:20 -0800] "GET /honeypot/BSidesDFW%20-%202014.ipynb HTTP/1.1" 304 167 "-" "Mozilla/5.0 (compatible; Googlebot/2.1; +http://www.google.com/bot.html)" 
73.26.128.175 - - [19/Jan/2015:18:02:04 -0800] "GET / HTTP/1.1" 304 189 "-" "Mozilla/5.0 (Macintosh; Intel Mac OS X 10_10_1) AppleWebKit/537.36 (KHTML, like Gecko) Chrome/39.0.2171.99 Safari/537.36" 
94.23.150.70 - - [19/Jan/2015:18:10:20 -0800] "GET /honeypot/BSidesDFW%20-%202014.ipynb HTTP/1.1" 200 414640 "-" "Mozilla/4.0 (compatible; MSIE 6.0; Windows NT 5.1; SV1; Mozilla/4.0 (compatible; MSIE 6.0; Windows NT 5.1; SV1) ; .NET CLR 1.0.3705)" 
94.23.150.70 - - [19/Jan/2015:18:10:28 -0800] "POST /honeypot/BSidesDFW%20-%202014.ipynb/trackback/ HTTP/1.1" 418 547 "http://www.secrepo.com/honeypot/BSidesDFW - 2014.ipynb" "Mozilla/4.0 (compatible; MSIE 6.0; Windows NT 5.1; SV1)" 
162.197.24.67 - - [19/Jan/2015:18:10:34 -0800] "GET / HTTP/1.1" 200 6120 "-" "Mozilla/5.0 (Macintosh; Intel Mac OS X 10_9_5) AppleWebKit/537.36 (KHTML, like Gecko) Chrome/39.0.2171.95 Safari/537.36" 
162.197.24.67 - - [19/Jan/2015:18:10:44 -0800] "GET /auth.log/auth.log.gz HTTP/1.1" 403 513 "-" "Mozilla/5.0 (Macintosh; Intel Mac OS X 10_9_5) AppleWebKit/537.36 (KHTML, like Gecko) Chrome/39.0.2171.95 Safari/537.36" 
162.197.24.67 - - [19/Jan/2015:18:10:45 -0800] "GET /favicon.ico HTTP/1.1" 200 267 "-" "Mozilla/5.0 (Macintosh; Intel Mac OS X 10_9_5) AppleWebKit/537.36 (KHTML, like Gecko) Chrome/39.0.2171.95 Safari/537.36" 
162.197.24.67 - - [19/Jan/2015:18:11:35 -0800] "GET /auth.log/auth.log.gz HTTP/1.1" 200 554524 "-" "Mozilla/5.0 (Macintosh; Intel Mac OS X 10_9_5) AppleWebKit/537.36 (KHTML, like Gecko) Chrome/39.0.2171.95 Safari/537.36" 
67.180.238.62 - - [19/Jan/2015:18:12:22 -0800] "GET /auth.log/auth.log.gz HTTP/1.1" 200 554524 "-" "Mozilla/5.0 (Macintosh; Intel Mac OS X 10_10_1) AppleWebKit/537.36 (KHTML, like Gecko) Chrome/40.0.2214.85 Safari/537.36" 
98.240.36.109 - - [19/Jan/2015:18:35:27 -0800] "GET / HTTP/1.1" 200 6120 "-" "Mozilla/5.0 (Windows NT 6.3; WOW64; rv:35.0) Gecko/20100101 Firefox/35.0" 
98.240.36.109 - - [19/Jan/2015:18:35:27 -0800] "GET /twitter-icon.png HTTP/1.1" 200 27787 "http://www.secrepo.com/" "Mozilla/5.0 (Windows NT 6.3; WOW64; rv:35.0) Gecko/20100101 Firefox/35.0" 
98.240.36.109 - - [19/Jan/2015:18:35:27 -0800] "GET /bootstrap/img/favicon.ico HTTP/1.1" 404 504 "-" "Mozilla/5.0 (Windows NT 6.3; WOW64; rv:35.0) Gecko/20100101 Firefox/35.0" 
98.240.36.109 - - [19/Jan/2015:18:35:27 -0800] "GET /bootstrap/img/favicon.ico HTTP/1.1" 404 504 "-" "Mozilla/5.0 (Windows NT 6.3; WOW64; rv:35.0) Gecko/20100101 Firefox/35.0" 
66.249.67.159 - - [19/Jan/2015:19:05:21 -0800] "GET / HTTP/1.1" 200 6120 "-" "Mozilla/5.0 (compatible; Googlebot/2.1; +http://www.google.com/bot.html)" 
104.130.161.38 - - [19/Jan/2015:20:04:41 -0800] "GET /honeypot/BSidesDFW%20-%202014.ipynb HTTP/1.1" 301 484 "-" "Tornado-Async-Client" 
104.130.161.38 - - [19/Jan/2015:20:04:41 -0800] "GET /honeypot/BSidesDFW%20-%202014.ipynb HTTP/1.1" 200 930780 "-" "Tornado-Async-Client" 
94.23.150.70 - - [19/Jan/2015:20:08:15 -0800] "GET /honeypot/BSidesDFW%20-%202014.ipynb HTTP/1.1" 200 402960 "-" "Mozilla/4.0 (compatible; MSIE 6.0; Windows NT 5.1)" 
94.23.150.70 - - [19/Jan/2015:20:08:16 -0800] "POST /honeypot/BSidesDFW%20-%202014.ipynb/trackback/ HTTP/1.1" 404 481 "http://www.secrepo.com/honeypot/BSidesDFW - 2014.ipynb" "Mozilla/4.0 (compatible; MSIE 6.0; Windows NT 5.1; SV1; Mozilla/4.0 (compatible; MSIE 6.0; Windows NT 5.1; SV1) )" 
104.130.20.53 - - [19/Jan/2015:20:25:02 -0800] "GET /honeypot/BSidesDFW%20-%202014.ipynb HTTP/1.1" 301 484 "-" "Tornado-Async-Client" 
104.130.20.53 - - [19/Jan/2015:20:25:02 -0800] "GET /honeypot/BSidesDFW%20-%202014.ipynb HTTP/1.1" 200 930780 "-" "Tornado-Async-Client" 
65.30.151.218 - - [19/Jan/2015:20:26:25 -0800] "GET / HTTP/1.1" 301 483 "-" "Mozilla/5.0 (iPhone; CPU iPhone OS 8_1_2 like Mac OS X) AppleWebKit/600.1.4 (KHTML, like Gecko) Version/8.0 Mobile/12B440 Safari/600.1.4" 
65.30.151.218 - - [19/Jan/2015:20:26:25 -0800] "GET / HTTP/1.1" 200 6120 "-" "Mozilla/5.0 (iPhone; CPU iPhone OS 8_1_2 like Mac OS X) AppleWebKit/600.1.4 (KHTML, like Gecko) Version/8.0 Mobile/12B440 Safari/600.1.4" 
65.30.151.218 - - [19/Jan/2015:20:26:26 -0800] "GET /twitter-icon.png HTTP/1.1" 200 27787 "http://www.secrepo.com/" "Mozilla/5.0 (iPhone; CPU iPhone OS 8_1_2 like Mac OS X) AppleWebKit/600.1.4 (KHTML, like Gecko) Version/8.0 Mobile/12B440 Safari/600.1.4" 
87.98.249.39 - - [19/Jan/2015:20:28:32 -0800] "GET /honeypot/BSidesDFW%20-%202014.ipynb HTTP/1.1" 418 584 "-" "Mozilla/4.0 (compatible; MSIE 6.0; Windows NT 5.1; SV1)" 
174.21.103.243 - - [19/Jan/2015:20:31:52 -0800] "GET / HTTP/1.1" 301 483 "-" "Mozilla/5.0 (Windows NT 6.1; WOW64; rv:35.0) Gecko/20100101 Firefox/35.0" 
174.21.103.243 - - [19/Jan/2015:20:31:53 -0800] "GET / HTTP/1.1" 200 6120 "-" "Mozilla/5.0 (Windows NT 6.1; WOW64; rv:35.0) Gecko/20100101 Firefox/35.0" 
174.21.103.243 - - [19/Jan/2015:20:31:53 -0800] "GET /twitter-icon.png HTTP/1.1" 200 27787 "http://www.secrepo.com/" "Mozilla/5.0 (Windows NT 6.1; WOW64; rv:35.0) Gecko/20100101 Firefox/35.0" 
174.21.103.243 - - [19/Jan/2015:20:31:54 -0800] "GET /bootstrap/img/favicon.ico HTTP/1.1" 404 505 "-" "Mozilla/5.0 (Windows NT 6.1; WOW64; rv:35.0) Gecko/20100101 Firefox/35.0" 
174.21.103.243 - - [19/Jan/2015:20:31:54 -0800] "GET /bootstrap/img/favicon.ico HTTP/1.1" 404 504 "-" "Mozilla/5.0 (Windows NT 6.1; WOW64; rv:35.0) Gecko/20100101 Firefox/35.0" 
94.23.150.70 - - [19/Jan/2015:22:10:43 -0800] "GET /honeypot/BSidesDFW%20-%202014.ipynb HTTP/1.1" 200 407340 "-" "Mozilla/4.0 (compatible; MSIE 6.0; Windows NT 5.1)" 
94.23.150.70 - - [19/Jan/2015:22:10:45 -0800] "POST /honeypot/BSidesDFW%20-%202014.ipynb/trackback/ HTTP/1.1" 404 481 "http://www.secrepo.com/honeypot/BSidesDFW - 2014.ipynb" "Mozilla/4.0 (compatible; MSIE 6.0; Windows NT 5.1; SV1; Mozilla/4.0 (compatible; MSIE 6.0; Windows NT 5.1; SV1) ; .NET CLR 1.0.3705)" 
104.130.161.38 - - [19/Jan/2015:23:42:07 -0800] "GET /honeypot/BSidesDFW HTTP/1.1" 301 460 "-" "Tornado-Async-Client" 
104.130.161.38 - - [19/Jan/2015:23:42:08 -0800] "GET /honeypot/BSidesDFW HTTP/1.1" 404 444 "-" "Tornado-Async-Client" 
94.228.15.164 - - [20/Jan/2015:00:15:28 -0800] "GET / HTTP/1.1" 301 483 "-" "Mozilla/5.0 (Macintosh; Intel Mac OS X 10_10_1) AppleWebKit/537.36 (KHTML, like Gecko) Chrome/39.0.2171.99 Safari/537.36" 
94.228.15.164 - - [20/Jan/2015:00:15:28 -0800] "GET / HTTP/1.1" 200 6120 "-" "Mozilla/5.0 (Macintosh; Intel Mac OS X 10_10_1) AppleWebKit/537.36 (KHTML, like Gecko) Chrome/39.0.2171.99 Safari/537.36" 
94.228.15.164 - - [20/Jan/2015:00:15:29 -0800] "GET /twitter-icon.png HTTP/1.1" 200 27787 "http://www.secrepo.com/" "Mozilla/5.0 (Macintosh; Intel Mac OS X 10_10_1) AppleWebKit/537.36 (KHTML, like Gecko) Chrome/39.0.2171.99 Safari/537.36" 
94.228.15.164 - - [20/Jan/2015:00:15:29 -0800] "GET /bootstrap/img/favicon.ico HTTP/1.1" 404 504 "-" "Mozilla/5.0 (Macintosh; Intel Mac OS X 10_10_1) AppleWebKit/537.36 (KHTML, like Gecko) Chrome/39.0.2171.99 Safari/537.36" 
194.153.113.7 - - [20/Jan/2015:00:20:32 -0800] "GET /robots.txt HTTP/1.1" 404 495 "-" "Mozilla/5.0 (compatible; oBot/2.3.1; http://filterdb.iss.net/crawler/)" 
194.153.113.7 - - [20/Jan/2015:00:20:33 -0800] "HEAD /honeypot/Honeypot%20-%20Howto.pdf HTTP/1.1" 200 226 "-" "Mozilla/5.0 (compatible; oBot/2.3.1; http://filterdb.iss.net/crawler/)" 
198.204.252.211 - - [20/Jan/2015:01:05:23 -0800] "GET /honeypot/BSidesDFW+-+2014.ipynb HTTP/1.0" 404 535 "http://www.secrepo.com/honeypot/BSidesDFW+-+2014.ipynb" "Mozilla/5.0 (Windows NT 6.3; WOW64) AppleWebKit/537.36 (KHTML, like Gecko) Chrome/36.0.1985.143 Safari/537.36" 
198.204.252.211 - - [20/Jan/2015:01:05:23 -0800] "GET / HTTP/1.0" 200 19771 "http://www.secrepo.com/" "Mozilla/5.0 (Windows NT 6.3; WOW64) AppleWebKit/537.36 (KHTML, like Gecko) Chrome/36.0.1985.143 Safari/537.36" 
