164.85.80.101 - - [20/Jan/2015:03:18:58 -0800] "GET /auth.log/auth.log.gz HTTP/1.1" 200 554524 "-" "Mozilla/5.0 (X11; Linux x86_64; rv:31.0) Gecko/20100101 Firefox/31.0" 
164.85.80.101 - - [20/Jan/2015:03:19:01 -0800] "GET /favicon.ico HTTP/1.1" 200 267 "-" "Mozilla/5.0 (X11; Linux x86_64; rv:31.0) Gecko/20100101 Firefox/31.0" 
164.85.20.105 - - [20/Jan/2015:03:19:23 -0800] "GET /auth.log/auth.log.gz HTTP/1.1" 200 554524 "-" "Mozilla/5.0 (Windows NT 6.1; WOW64; rv:31.0) Gecko/20100101 Firefox/31.0" 
164.85.20.105 - - [20/Jan/2015:03:19:28 -0800] "GET /favicon.ico HTTP/1.1" 200 268 "-" "Mozilla/5.0 (Windows NT 6.1; WOW64; rv:31.0) Gecko/20100101 Firefox/31.0" 
164.85.80.101 - - [20/Jan/2015:03:18:58 -0800] "GET /squid/access.log.gz HTTP/1.1" 200 23177322 "-" "Mozilla/5.0 (X11; Linux x86_64; rv:31.0) Gecko/20100101 Firefox/31.0" 
76.233.2.251 - - [20/Jan/2015:05:20:53 -0800] "GET / HTTP/1.1" 301 427 "-" "Mozilla/5.0 (Windows NT 6.1; WOW64; rv:32.0) Gecko/20100101 Firefox/32.0" 
76.233.2.251 - - [20/Jan/2015:05:20:53 -0800] "GET / HTTP/1.1" 200 6064 "-" "Mozilla/5.0 (Windows NT 6.1; WOW64; rv:32.0) Gecko/20100101 Firefox/32.0" 
94.11.172.235 - - [20/Jan/2015:05:31:31 -0800] "GET / HTTP/1.1" 200 6120 "-" "Mozilla/5.0 (iPhone; CPU iPhone OS 8_1_2 like Mac OS X) AppleWebKit/600.1.4 (KHTML, like Gecko) Version/8.0 Mobile/12B440 Safari/600.1.4" 
94.11.172.235 - - [20/Jan/2015:05:31:32 -0800] "GET /twitter-icon.png HTTP/1.1" 200 27787 "http://www.secrepo.com/" "Mozilla/5.0 (iPhone; CPU iPhone OS 8_1_2 like Mac OS X) AppleWebKit/600.1.4 (KHTML, like Gecko) Version/8.0 Mobile/12B440 Safari/600.1.4" 
64.246.165.190 - - [20/Jan/2015:05:46:28 -0800] "GET /robots.txt HTTP/1.0" 404 514 "-" "Mozilla/5.0 (Windows; U; Windows NT 5.1; en; rv:1.9.0.13) Gecko/2009073022 Firefox/3.5.2 (.NET CLR 3.5.30729) SurveyBot/2.3 (DomainTools)" 
64.246.165.190 - - [20/Jan/2015:05:46:28 -0800] "GET / HTTP/1.1" 200 6083 "http://whois.domaintools.com/secrepo.com" "Mozilla/5.0 (Windows; U; Windows NT 5.1; en; rv:1.9.0.13) Gecko/2009073022 Firefox/3.5.2 (.NET CLR 3.5.30729) SurveyBot/2.3 (DomainTools)" 
104.130.161.38 - - [20/Jan/2015:06:30:00 -0800] "GET /honeypot/BSidesDFW%2B-%2B2014.ipynb HTTP/1.1" 301 486 "-" "Tornado-Async-Client" 
104.130.161.38 - - [20/Jan/2015:06:30:00 -0800] "GET /honeypot/BSidesDFW+-+2014.ipynb HTTP/1.1" 404 455 "-" "Tornado-Async-Client" 
37.57.231.119 - - [20/Jan/2015:06:34:24 -0800] "GET /wp-login.php HTTP/1.1" 301 503 "-" "Mozilla/5.0 (Windows NT 5.1; WOW64) AppleWebKit/537.1 (KHTML, like Gecko) Chrome/24.0.1309.0 Safari/537.17" 
37.57.231.119 - - [20/Jan/2015:06:34:24 -0800] "GET /administrator/ HTTP/1.1" 301 504 "-" "Mozilla/5.0 (Windows NT 5.1; WOW64) AppleWebKit/537.1 (KHTML, like Gecko) Chrome/24.0.1309.0 Safari/537.17" 
37.57.231.119 - - [20/Jan/2015:06:34:24 -0800] "GET /admin.php HTTP/1.1" 301 496 "-" "Mozilla/5.0 (Windows NT 5.1; WOW64) AppleWebKit/537.1 (KHTML, like Gecko) Chrome/24.0.1309.0 Safari/537.17" 
108.238.100.85 - - [20/Jan/2015:07:40:20 -0800] "GET /honeypot/Honeypot%20-%20Howto.pdf HTTP/1.1" 200 1279418 "-" "Mozilla/5.0 (Windows NT 6.1; WOW64; rv:35.0) Gecko/20100101 Firefox/35.0" 
108.238.100.85 - - [20/Jan/2015:07:40:21 -0800] "GET /favicon.ico HTTP/1.1" 200 267 "-" "Mozilla/5.0 (Windows NT 6.1; WOW64; rv:35.0) Gecko/20100101 Firefox/35.0" 
108.238.100.85 - - [20/Jan/2015:07:40:21 -0800] "GET /honeypot/Honeypot%20-%20Howto.pdf HTTP/1.1" 206 65874 "-" "Mozilla/5.0 (Windows NT 6.1; WOW64; rv:35.0) Gecko/20100101 Firefox/35.0" 
108.238.100.85 - - [20/Jan/2015:07:40:22 -0800] "GET /honeypot/Honeypot%20-%20Howto.pdf HTTP/1.1" 206 34291 "-" "Mozilla/5.0 (Windows NT 6.1; WOW64; rv:35.0) Gecko/20100101 Firefox/35.0" 
66.249.67.159 - - [20/Jan/2015:09:03:19 -0800] "GET /robots.txt HTTP/1.1" 404 494 "-" "Mozilla/5.0 (compatible; Googlebot/2.1; +http://www.google.com/bot.html)" 
66.249.67.151 - - [20/Jan/2015:09:03:19 -0800] "GET /maccdc2012/conn.log.gz HTTP/1.1" 200 15843659 "-" "Mozilla/5.0 (iPhone; CPU iPhone OS 6_0 like Mac OS X) AppleWebKit/536.26 (KHTML, like Gecko) Version/6.0 Mobile/10A5376e Safari/8536.25 (compatible; Googlebot/2.1; +http://www.google.com/bot.html)" 
66.249.67.151 - - [20/Jan/2015:09:20:21 -0800] "GET / HTTP/1.1" 200 6120 "-" "Mozilla/5.0 (compatible; Googlebot/2.1; +http://www.google.com/bot.html)" 
5.157.36.87 - - [20/Jan/2015:10:06:18 -0800] "GET /honeypot/BSidesDFW%20-%202014.ipynb HTTP/1.1" 200 930780 "http://www.secrepo.com/" "Mozilla/5.0 (X11; Ubuntu; Linux i686; rv:34.0) Gecko/20100101 Firefox/34.0" 
66.249.67.151 - - [20/Jan/2015:10:11:01 -0800] "GET / HTTP/1.1" 200 6120 "-" "Mozilla/5.0 (compatible; Googlebot/2.1; +http://www.google.com/bot.html)" 
8.28.16.254 - - [20/Jan/2015:10:20:04 -0800] "GET / HTTP/1.1" 301 498 "-" "Mozilla/4.0 (compatible; MSIE 7.0; Windows NT 5.1; InfoPath.1; .NET CLR 2.0.50727; .NET CLR 1.1.4322; MS-RTC LM 8; .NET CLR 3.0.4506.2152; .NET CLR 3.5.30729)" 
8.28.16.254 - - [20/Jan/2015:10:20:04 -0800] "GET / HTTP/1.1" 200 19782 "-" "Mozilla/4.0 (compatible; MSIE 7.0; Windows NT 5.1; InfoPath.1; .NET CLR 2.0.50727; .NET CLR 1.1.4322; MS-RTC LM 8; .NET CLR 3.0.4506.2152; .NET CLR 3.5.30729)" 
128.237.28.17 - - [20/Jan/2015:10:20:04 -0800] "GET / HTTP/1.1" 301 483 "-" "Mozilla/5.0 (Macintosh; Intel Mac OS X 10.9; rv:35.0) Gecko/20100101 Firefox/35.0" 
128.237.28.17 - - [20/Jan/2015:10:20:05 -0800] "GET / HTTP/1.1" 200 19782 "-" "Mozilla/4.0 (compatible;)" 
128.237.28.17 - - [20/Jan/2015:10:20:05 -0800] "GET /bootstrap/img/apple-touch-icon.png HTTP/1.1" 404 575 "-" "Mozilla/4.0 (compatible;)" 
128.237.28.17 - - [20/Jan/2015:10:20:05 -0800] "GET /bootstrap/img/apple-touch-icon-114x114.png HTTP/1.1" 404 583 "-" "Mozilla/4.0 (compatible;)" 
128.237.28.17 - - [20/Jan/2015:10:20:05 -0800] "GET /bootstrap/img/favicon.ico HTTP/1.1" 404 566 "-" "Mozilla/4.0 (compatible;)" 
128.237.28.17 - - [20/Jan/2015:10:20:05 -0800] "GET /bootstrap/img/apple-touch-icon-72x72.png HTTP/1.1" 404 581 "-" "Mozilla/4.0 (compatible;)" 
128.237.28.17 - - [20/Jan/2015:10:20:05 -0800] "GET /bootstrap/img/favicon.ico HTTP/1.1" 404 505 "-" "Mozilla/5.0 (Macintosh; Intel Mac OS X 10.9; rv:35.0) Gecko/20100101 Firefox/35.0" 
128.237.28.17 - - [20/Jan/2015:10:20:05 -0800] "GET /twitter-icon.png HTTP/1.1" 200 27788 "-" "Mozilla/4.0 (compatible;)" 
66.249.67.151 - - [20/Jan/2015:10:22:17 -0800] "GET / HTTP/1.1" 200 6120 "-" "Mozilla/5.0 (iPhone; CPU iPhone OS 6_0 like Mac OS X) AppleWebKit/536.26 (KHTML, like Gecko) Version/6.0 Mobile/10A5376e Safari/8536.25 (compatible; Googlebot/2.1; +http://www.google.com/bot.html)" 
192.99.40.137 - - [20/Jan/2015:10:23:10 -0800] "HEAD / HTTP/1.1" 200 318 "http://www.domaintuno.com/d/www.secrepo.com" "Mozilla/5.0 (compatible; DomainTunoCrawler/0.1; +http://www.domaintuno.com/robot)" 
46.109.67.155 - - [20/Jan/2015:10:34:25 -0800] "GET /honeypot/Honeypot%20-%20Howto.pdf HTTP/1.1" 200 46720 "https://www.google.lv/" "Mozilla/5.0 (Windows NT 6.3; WOW64) AppleWebKit/537.36 (KHTML, like Gecko) Chrome/39.0.2171.99 Safari/537.36" 
46.109.67.155 - - [20/Jan/2015:10:34:26 -0800] "GET /honeypot/Honeypot%20-%20Howto.pdf HTTP/1.1" 206 33099 "http://www.secrepo.com/honeypot/Honeypot%20-%20Howto.pdf" "Mozilla/5.0 (Windows NT 6.3; WOW64) AppleWebKit/537.36 (KHTML, like Gecko) Chrome/39.0.2171.99 Safari/537.36" 
46.109.67.155 - - [20/Jan/2015:10:34:26 -0800] "GET /honeypot/Honeypot%20-%20Howto.pdf HTTP/1.1" 206 1246706 "http://www.secrepo.com/honeypot/Honeypot%20-%20Howto.pdf" "Mozilla/5.0 (Windows NT 6.3; WOW64) AppleWebKit/537.36 (KHTML, like Gecko) Chrome/39.0.2171.99 Safari/537.36" 
46.109.67.155 - - [20/Jan/2015:10:34:54 -0800] "GET /favicon.ico HTTP/1.1" 200 267 "-" "Mozilla/5.0 (Windows NT 6.3; WOW64) AppleWebKit/537.36 (KHTML, like Gecko) Chrome/39.0.2171.99 Safari/537.36" 
66.249.67.2 - - [20/Jan/2015:11:02:13 -0800] "GET /maccdc2012/tunnel.log.gz HTTP/1.1" 200 5229 "-" "Mozilla/5.0 (iPhone; CPU iPhone OS 6_0 like Mac OS X) AppleWebKit/536.26 (KHTML, like Gecko) Version/6.0 Mobile/10A5376e Safari/8536.25 (compatible; Googlebot/2.1; +http://www.google.com/bot.html)" 
216.119.215.193 - - [20/Jan/2015:11:04:55 -0800] "GET / HTTP/1.1" 200 6120 "http://t.co/Qro1LCR4GM" "Mozilla/5.0 (Windows NT 6.1; WOW64; rv:35.0) Gecko/20100101 Firefox/35.0" 
8.28.16.254 - - [20/Jan/2015:11:04:55 -0800] "GET / HTTP/1.1" 200 19782 "-" "Mozilla/4.0 (compatible; MSIE 7.0; Windows NT 5.1; InfoPath.1; .NET CLR 2.0.50727; .NET CLR 1.1.4322; MS-RTC LM 8; .NET CLR 3.0.4506.2152; .NET CLR 3.5.30729)" 
216.119.215.193 - - [20/Jan/2015:11:04:55 -0800] "GET /bootstrap/img/favicon.ico HTTP/1.1" 404 504 "-" "Mozilla/5.0 (Windows NT 6.1; WOW64; rv:35.0) Gecko/20100101 Firefox/35.0" 
216.119.215.193 - - [20/Jan/2015:11:04:55 -0800] "GET /bootstrap/img/favicon.ico HTTP/1.1" 404 504 "-" "Mozilla/5.0 (Windows NT 6.1; WOW64; rv:35.0) Gecko/20100101 Firefox/35.0" 
216.119.215.193 - - [20/Jan/2015:11:04:56 -0800] "GET /twitter-icon.png HTTP/1.1" 200 27787 "http://www.secrepo.com/" "Mozilla/5.0 (Windows NT 6.1; WOW64; rv:35.0) Gecko/20100101 Firefox/35.0" 
216.119.215.193 - - [20/Jan/2015:11:04:58 -0800] "GET /bootstrap/img/favicon.ico HTTP/1.1" 404 505 "-" "Mozilla/5.0 (Windows NT 6.1; WOW64; rv:35.0) Gecko/20100101 Firefox/35.0" 
54.70.244.133 - - [20/Jan/2015:11:11:48 -0800] "HEAD / HTTP/1.1" 200 281 "-" "Apache-HttpClient/4.3.5 (java 1.5)" 
54.70.244.133 - - [20/Jan/2015:11:11:56 -0800] "GET / HTTP/1.1" 200 6083 "-" "Apache-HttpClient/4.3.5 (java 1.5)" 
100.43.90.7 - - [20/Jan/2015:11:21:32 -0800] "GET / HTTP/1.1" 200 6120 "-" "Mozilla/5.0 (Windows NT 6.2; WOW64) AppleWebKit/536.5 (KHTML, like Gecko) YaBrowser/1.0.1084.5402 Chrome/19.0.1084.5409 Safari/536.5" 
66.249.67.159 - - [20/Jan/2015:11:35:25 -0800] "GET /honeypot/BSidesDFW%20-%202014.ipynb HTTP/1.1" 304 167 "-" "Mozilla/5.0 (compatible; Googlebot/2.1; +http://www.google.com/bot.html)" 
66.249.67.159 - - [20/Jan/2015:11:42:00 -0800] "GET /data HTTP/1.1" 404 489 "-" "Mozilla/5.0 (iPhone; CPU iPhone OS 6_0 like Mac OS X) AppleWebKit/536.26 (KHTML, like Gecko) Version/6.0 Mobile/10A5376e Safari/8536.25 (compatible; Googlebot/2.1; +http://www.google.com/bot.html)" 
50.28.39.131 - - [20/Jan/2015:12:08:46 -0800] "GET /wp-login.php HTTP/1.0" 301 485 "-" "-" 
174.50.109.153 - - [20/Jan/2015:12:22:08 -0800] "GET / HTTP/1.1" 301 483 "-" "Mozilla/5.0 (X11; Linux x86_64) AppleWebKit/537.36 (KHTML, like Gecko) Chrome/39.0.2171.99 Safari/537.36" 
174.50.109.153 - - [20/Jan/2015:12:22:09 -0800] "GET / HTTP/1.1" 200 6120 "-" "Mozilla/5.0 (X11; Linux x86_64) AppleWebKit/537.36 (KHTML, like Gecko) Chrome/39.0.2171.99 Safari/537.36" 
174.50.109.153 - - [20/Jan/2015:12:22:11 -0800] "GET /bootstrap/img/favicon.ico HTTP/1.1" 404 504 "-" "Mozilla/5.0 (X11; Linux x86_64) AppleWebKit/537.36 (KHTML, like Gecko) Chrome/39.0.2171.99 Safari/537.36" 
66.249.67.159 - - [20/Jan/2015:12:29:32 -0800] "GET / HTTP/1.1" 200 6120 "-" "Mozilla/5.0 (compatible; Googlebot/2.1; +http://www.google.com/bot.html)" 
192.163.227.246 - - [20/Jan/2015:12:35:16 -0800] "GET /wp-login.php HTTP/1.0" 404 516 "-" "-" 
66.249.67.2 - - [20/Jan/2015:12:35:20 -0800] "GET /honeypot/Honeypot%20-%20Howto.pdf HTTP/1.1" 304 168 "-" "Mozilla/5.0 (compatible; Googlebot/2.1; +http://www.google.com/bot.html)" 
104.130.161.38 - - [20/Jan/2015:12:50:22 -0800] "GET /honeypot/BSidesDFW%20-%202014.ipynb HTTP/1.1" 301 484 "-" "Tornado-Async-Client" 
104.130.161.38 - - [20/Jan/2015:12:50:22 -0800] "GET /honeypot/BSidesDFW%20-%202014.ipynb HTTP/1.1" 200 930780 "-" "Tornado-Async-Client" 
91.207.4.22 - - [20/Jan/2015:12:52:49 -0800] "GET /honeypot/BSidesDFW+-+2014.ipynb HTTP/1.0" 404 535 "http://www.secrepo.com/honeypot/BSidesDFW+-+2014.ipynb" "Mozilla/5.0 (Windows NT 6.1) AppleWebKit/537.36 (KHTML, like Gecko) Chrome/37.0.2062.124 Safari/537.36" 
91.207.4.22 - - [20/Jan/2015:12:52:49 -0800] "GET / HTTP/1.0" 200 19771 "http://www.secrepo.com/" "Mozilla/5.0 (Windows NT 6.1) AppleWebKit/537.36 (KHTML, like Gecko) Chrome/37.0.2062.124 Safari/537.36" 
86.132.200.254 - - [20/Jan/2015:13:34:49 -0800] "GET / HTTP/1.1" 200 6120 "http://t.co/Qro1LCR4GM" "Mozilla/5.0 (Windows NT 6.1; WOW64) AppleWebKit/537.36 (KHTML, like Gecko) Chrome/39.0.2171.99 Safari/537.36" 
86.132.200.254 - - [20/Jan/2015:13:34:49 -0800] "GET /twitter-icon.png HTTP/1.1" 200 27787 "http://www.secrepo.com/" "Mozilla/5.0 (Windows NT 6.1; WOW64) AppleWebKit/537.36 (KHTML, like Gecko) Chrome/39.0.2171.99 Safari/537.36" 
86.132.200.254 - - [20/Jan/2015:13:34:51 -0800] "GET /bootstrap/img/favicon.ico HTTP/1.1" 404 504 "-" "Mozilla/5.0 (Windows NT 6.1; WOW64) AppleWebKit/537.36 (KHTML, like Gecko) Chrome/39.0.2171.99 Safari/537.36" 
66.249.67.2 - - [20/Jan/2015:13:40:20 -0800] "GET /honeypot/BSidesDFW%20-%202014.ipynb HTTP/1.1" 304 167 "-" "Mozilla/5.0 (compatible; Googlebot/2.1; +http://www.google.com/bot.html)" 
66.249.67.2 - - [20/Jan/2015:13:49:13 -0800] "GET /bootstrap/img/favicon.ico HTTP/1.1" 404 505 "-" "Googlebot-Image/1.0" 
180.76.5.196 - - [20/Jan/2015:14:05:11 -0800] "GET /honeypot/Honeypot%20-%20Howto.pdf HTTP/1.1" 200 1279381 "-" "Mozilla/5.0 (compatible; Baiduspider/2.0; +http://www.baidu.com/search/spider.html)" 
54.71.162.49 - - [20/Jan/2015:14:20:41 -0800] "GET / HTTP/1.1" 301 427 "-" "Mozilla/5.0 (Macintosh; Intel Mac OS X 10_7_2) AppleWebKit/535.19 (KHTML, like Gecko) Chrome/18.0.1025.165 Safari/535.19" 
54.71.162.49 - - [20/Jan/2015:14:20:42 -0800] "GET / HTTP/1.1" 200 6064 "-" "Mozilla/5.0 (Macintosh; Intel Mac OS X 10_7_2) AppleWebKit/535.19 (KHTML, like Gecko) Chrome/18.0.1025.165 Safari/535.19" 
69.58.178.57 - - [20/Jan/2015:14:39:22 -0800] "GET /robots.txt HTTP/1.1" 404 495 "-" "Mozilla/5.0 (X11; Ubuntu; Linux i686; rv:14.0; ips-agent) Gecko/20100101 Firefox/14.0.1" 
69.58.178.57 - - [20/Jan/2015:14:39:23 -0800] "GET / HTTP/1.1" 200 19726 "-" "Mozilla/5.0 (X11; Ubuntu; Linux i686; rv:14.0; ips-agent) Gecko/20100101 Firefox/14.0.1" 
69.58.178.57 - - [20/Jan/2015:14:39:24 -0800] "GET / HTTP/1.1" 200 19726 "-" "BlackBerry9000/4.6.0.167 Profile/MIDP-2.0 Configuration/CLDC-1.1 VendorID/102 ips-agent" 
69.58.178.57 - - [20/Jan/2015:14:39:25 -0800] "GET /data HTTP/1.1" 404 489 "-" "Mozilla/5.0 (X11; Ubuntu; Linux i686; rv:14.0; ips-agent) Gecko/20100101 Firefox/14.0.1" 
69.58.178.57 - - [20/Jan/2015:14:39:25 -0800] "GET /robots.txt HTTP/1.1" 301 462 "-" "Mozilla/5.0 (X11; Ubuntu; Linux i686; rv:14.0; ips-agent) Gecko/20100101 Firefox/14.0.1" 
69.58.178.57 - - [20/Jan/2015:14:39:26 -0800] "GET / HTTP/1.1" 301 442 "-" "Mozilla/5.0 (X11; Ubuntu; Linux i686; rv:14.0; ips-agent) Gecko/20100101 Firefox/14.0.1" 
69.58.178.57 - - [20/Jan/2015:14:39:27 -0800] "GET /honeypot/BSidesDFW%20-%202014.ipynb HTTP/1.1" 200 508080 "-" "Mozilla/5.0 (X11; Ubuntu; Linux i686; rv:14.0; ips-agent) Gecko/20100101 Firefox/14.0.1" 
134.148.200.175 - - [20/Jan/2015:14:46:32 -0800] "GET / HTTP/1.1" 301 483 "-" "Mozilla/5.0 (Windows NT 6.1; WOW64) AppleWebKit/537.36 (KHTML, like Gecko) Chrome/39.0.2171.99 Safari/537.36" 
134.148.200.175 - - [20/Jan/2015:14:46:34 -0800] "GET / HTTP/1.1" 200 6120 "-" "Mozilla/5.0 (Windows NT 6.1; WOW64) AppleWebKit/537.36 (KHTML, like Gecko) Chrome/39.0.2171.99 Safari/537.36" 
134.148.200.175 - - [20/Jan/2015:14:46:35 -0800] "GET /twitter-icon.png HTTP/1.1" 200 27787 "http://www.secrepo.com/" "Mozilla/5.0 (Windows NT 6.1; WOW64) AppleWebKit/537.36 (KHTML, like Gecko) Chrome/39.0.2171.99 Safari/537.36" 
134.148.200.175 - - [20/Jan/2015:14:46:38 -0800] "GET /bootstrap/img/favicon.ico HTTP/1.1" 404 505 "-" "Mozilla/5.0 (Windows NT 6.1; WOW64) AppleWebKit/537.36 (KHTML, like Gecko) Chrome/39.0.2171.99 Safari/537.36" 
162.197.24.67 - - [20/Jan/2015:14:50:20 -0800] "GET / HTTP/1.1" 301 483 "-" "Mozilla/5.0 (Macintosh; Intel Mac OS X 10_10_1) AppleWebKit/537.36 (KHTML, like Gecko) Chrome/39.0.2171.95 Safari/537.36" 
162.197.24.67 - - [20/Jan/2015:14:50:20 -0800] "GET / HTTP/1.1" 200 6120 "-" "Mozilla/5.0 (Macintosh; Intel Mac OS X 10_10_1) AppleWebKit/537.36 (KHTML, like Gecko) Chrome/39.0.2171.95 Safari/537.36" 
162.197.24.67 - - [20/Jan/2015:14:50:20 -0800] "GET /twitter-icon.png HTTP/1.1" 200 27787 "http://www.secrepo.com/" "Mozilla/5.0 (Macintosh; Intel Mac OS X 10_10_1) AppleWebKit/537.36 (KHTML, like Gecko) Chrome/39.0.2171.95 Safari/537.36" 
162.197.24.67 - - [20/Jan/2015:14:56:22 -0800] "GET /self.logs/ HTTP/1.1" 301 499 "-" "Mozilla/5.0 (Macintosh; Intel Mac OS X 10_9_5) AppleWebKit/537.36 (KHTML, like Gecko) Chrome/39.0.2171.95 Safari/537.36" 
162.197.24.67 - - [20/Jan/2015:14:56:22 -0800] "GET /self.logs/ HTTP/1.1" 200 492 "-" "Mozilla/5.0 (Macintosh; Intel Mac OS X 10_9_5) AppleWebKit/537.36 (KHTML, like Gecko) Chrome/39.0.2171.95 Safari/537.36" 
162.197.24.67 - - [20/Jan/2015:14:59:18 -0800] "GET / HTTP/1.1" 200 6349 "-" "Mozilla/5.0 (Macintosh; Intel Mac OS X 10_9_5) AppleWebKit/537.36 (KHTML, like Gecko) Chrome/39.0.2171.95 Safari/537.36" 
162.197.24.67 - - [20/Jan/2015:14:59:53 -0800] "GET / HTTP/1.1" 200 6352 "-" "Mozilla/5.0 (Macintosh; Intel Mac OS X 10_9_5) AppleWebKit/537.36 (KHTML, like Gecko) Chrome/39.0.2171.95 Safari/537.36" 
162.197.24.67 - - [20/Jan/2015:14:59:53 -0800] "GET /twitter-icon.png HTTP/1.1" 304 165 "http://www.secrepo.com/" "Mozilla/5.0 (Macintosh; Intel Mac OS X 10_9_5) AppleWebKit/537.36 (KHTML, like Gecko) Chrome/39.0.2171.95 Safari/537.36" 
162.197.24.67 - - [20/Jan/2015:15:01:02 -0800] "GET / HTTP/1.1" 200 6400 "-" "Mozilla/5.0 (Macintosh; Intel Mac OS X 10_9_5) AppleWebKit/537.36 (KHTML, like Gecko) Chrome/39.0.2171.95 Safari/537.36" 
162.197.24.67 - - [20/Jan/2015:15:01:03 -0800] "GET /twitter-icon.png HTTP/1.1" 304 165 "http://www.secrepo.com/" "Mozilla/5.0 (Macintosh; Intel Mac OS X 10_9_5) AppleWebKit/537.36 (KHTML, like Gecko) Chrome/39.0.2171.95 Safari/537.36" 
162.197.24.67 - - [20/Jan/2015:15:01:06 -0800] "GET /self.logs/ HTTP/1.1" 200 492 "http://www.secrepo.com/" "Mozilla/5.0 (Macintosh; Intel Mac OS X 10_9_5) AppleWebKit/537.36 (KHTML, like Gecko) Chrome/39.0.2171.95 Safari/537.36" 
162.197.24.67 - - [20/Jan/2015:15:12:05 -0800] "GET / HTTP/1.1" 200 6400 "-" "Mozilla/5.0 (Macintosh; Intel Mac OS X 10_9_5) AppleWebKit/537.36 (KHTML, like Gecko) Chrome/39.0.2171.95 Safari/537.36" 
162.197.24.67 - - [20/Jan/2015:15:12:09 -0800] "GET /self.logs/ HTTP/1.1" 200 561 "http://www.secrepo.com/" "Mozilla/5.0 (Macintosh; Intel Mac OS X 10_9_5) AppleWebKit/537.36 (KHTML, like Gecko) Chrome/39.0.2171.95 Safari/537.36" 
90.237.210.138 - - [20/Jan/2015:15:12:42 -0800] "GET / HTTP/1.1" 301 483 "-" "Mozilla/5.0 (X11; Linux i686) AppleWebKit/537.36 (KHTML, like Gecko) Ubuntu Chromium/39.0.2171.65 Chrome/39.0.2171.65 Safari/537.36" 
90.237.210.138 - - [20/Jan/2015:15:13:00 -0800] "GET / HTTP/1.1" 200 6400 "-" "Mozilla/5.0 (X11; Linux i686) AppleWebKit/537.36 (KHTML, like Gecko) Ubuntu Chromium/39.0.2171.65 Chrome/39.0.2171.65 Safari/537.36" 
90.237.210.138 - - [20/Jan/2015:15:13:03 -0800] "GET /twitter-icon.png HTTP/1.1" 200 27788 "http://www.secrepo.com/" "Mozilla/5.0 (X11; Linux i686) AppleWebKit/537.36 (KHTML, like Gecko) Ubuntu Chromium/39.0.2171.65 Chrome/39.0.2171.65 Safari/537.36" 
90.237.210.138 - - [20/Jan/2015:15:13:25 -0800] "GET /bootstrap/img/favicon.ico HTTP/1.1" 404 505 "-" "Mozilla/5.0 (X11; Linux i686) AppleWebKit/537.36 (KHTML, like Gecko) Ubuntu Chromium/39.0.2171.65 Chrome/39.0.2171.65 Safari/537.36" 
189.71.228.175 - - [20/Jan/2015:15:13:39 -0800] "GET / HTTP/1.1" 200 6400 "-" "Mozilla/5.0 (X11; Linux x86_64; rv:35.0) Gecko/20100101 Firefox/35.0" 
162.197.24.67 - - [20/Jan/2015:15:17:43 -0800] "GET /self.logs/ HTTP/1.1" 200 561 "http://www.secrepo.com/" "Mozilla/5.0 (Macintosh; Intel Mac OS X 10_9_5) AppleWebKit/537.36 (KHTML, like Gecko) Chrome/39.0.2171.95 Safari/537.36" 
162.197.24.67 - - [20/Jan/2015:15:27:46 -0800] "GET / HTTP/1.1" 200 6405 "-" "Mozilla/5.0 (Macintosh; Intel Mac OS X 10_9_5) AppleWebKit/537.36 (KHTML, like Gecko) Chrome/39.0.2171.95 Safari/537.36" 
162.197.24.67 - - [20/Jan/2015:15:27:47 -0800] "GET /twitter-icon.png HTTP/1.1" 304 165 "http://www.secrepo.com/" "Mozilla/5.0 (Macintosh; Intel Mac OS X 10_9_5) AppleWebKit/537.36 (KHTML, like Gecko) Chrome/39.0.2171.95 Safari/537.36" 
162.197.24.67 - - [20/Jan/2015:15:28:09 -0800] "GET / HTTP/1.1" 200 6405 "-" "Mozilla/5.0 (Macintosh; Intel Mac OS X 10_9_5) AppleWebKit/537.36 (KHTML, like Gecko) Chrome/39.0.2171.95 Safari/537.36" 
162.197.24.67 - - [20/Jan/2015:15:28:09 -0800] "GET /twitter-icon.png HTTP/1.1" 200 27787 "http://www.secrepo.com/" "Mozilla/5.0 (Macintosh; Intel Mac OS X 10_9_5) AppleWebKit/537.36 (KHTML, like Gecko) Chrome/39.0.2171.95 Safari/537.36" 
162.197.24.67 - - [20/Jan/2015:15:28:10 -0800] "GET /bootstrap/img/favicon.ico HTTP/1.1" 200 589 "-" "Mozilla/5.0 (Macintosh; Intel Mac OS X 10_9_5) AppleWebKit/537.36 (KHTML, like Gecko) Chrome/39.0.2171.95 Safari/537.36" 
162.197.24.67 - - [20/Jan/2015:15:29:49 -0800] "GET /honeypot/BSidesDFW%20-%202014.ipynb HTTP/1.1" 200 930836 "http://www.secrepo.com/" "Mozilla/5.0 (Macintosh; Intel Mac OS X 10_9_5) AppleWebKit/537.36 (KHTML, like Gecko) Chrome/39.0.2171.95 Safari/537.36" 
46.109.67.155 - - [20/Jan/2015:15:34:34 -0800] "GET /honeypot/Honeypot%20-%20Howto.pdf HTTP/1.1" 206 33099 "http://www.secrepo.com/honeypot/Honeypot%20-%20Howto.pdf" "Mozilla/5.0 (Windows NT 6.3; WOW64) AppleWebKit/537.36 (KHTML, like Gecko) Chrome/39.0.2171.99 Safari/537.36" 
46.109.67.155 - - [20/Jan/2015:15:34:34 -0800] "GET /honeypot/Honeypot%20-%20Howto.pdf HTTP/1.1" 200 46720 "https://www.google.lv/" "Mozilla/5.0 (Windows NT 6.3; WOW64) AppleWebKit/537.36 (KHTML, like Gecko) Chrome/39.0.2171.99 Safari/537.36" 
46.109.67.155 - - [20/Jan/2015:15:34:34 -0800] "GET /honeypot/Honeypot%20-%20Howto.pdf HTTP/1.1" 206 1246706 "http://www.secrepo.com/honeypot/Honeypot%20-%20Howto.pdf" "Mozilla/5.0 (Windows NT 6.3; WOW64) AppleWebKit/537.36 (KHTML, like Gecko) Chrome/39.0.2171.99 Safari/537.36" 
46.109.67.155 - - [20/Jan/2015:15:34:37 -0800] "GET /favicon.ico HTTP/1.1" 404 339 "-" "Mozilla/5.0 (Windows NT 6.3; WOW64) AppleWebKit/537.36 (KHTML, like Gecko) Chrome/39.0.2171.99 Safari/537.36" 
104.130.20.53 - - [20/Jan/2015:15:45:36 -0800] "GET /honeypot/BSidesDFW%20-%202014.ipynb HTTP/1.1" 301 484 "-" "Tornado-Async-Client" 
104.130.20.53 - - [20/Jan/2015:15:45:36 -0800] "GET /honeypot/BSidesDFW%20-%202014.ipynb HTTP/1.1" 200 930780 "-" "Tornado-Async-Client" 
66.249.67.2 - - [20/Jan/2015:15:46:05 -0800] "GET /auth.log/auth.log.gz HTTP/1.1" 200 554524 "-" "Mozilla/5.0 (iPhone; CPU iPhone OS 6_0 like Mac OS X) AppleWebKit/536.26 (KHTML, like Gecko) Version/6.0 Mobile/10A5376e Safari/8536.25 (compatible; Googlebot/2.1; +http://www.google.com/bot.html)" 
134.148.200.175 - - [20/Jan/2015:16:16:32 -0800] "GET / HTTP/1.1" 301 483 "-" "Mozilla/5.0 (Windows NT 6.1; WOW64) AppleWebKit/537.36 (KHTML, like Gecko) Chrome/39.0.2171.99 Safari/537.36" 
134.148.200.175 - - [20/Jan/2015:16:16:33 -0800] "GET / HTTP/1.1" 200 6405 "-" "Mozilla/5.0 (Windows NT 6.1; WOW64) AppleWebKit/537.36 (KHTML, like Gecko) Chrome/39.0.2171.99 Safari/537.36" 
134.148.200.175 - - [20/Jan/2015:16:16:36 -0800] "GET /twitter-icon.png HTTP/1.1" 200 27788 "http://www.secrepo.com/" "Mozilla/5.0 (Windows NT 6.1; WOW64) AppleWebKit/537.36 (KHTML, like Gecko) Chrome/39.0.2171.99 Safari/537.36" 
134.148.200.175 - - [20/Jan/2015:16:18:43 -0800] "GET /self.logs/ HTTP/1.1" 200 561 "http://www.secrepo.com/" "Mozilla/5.0 (Windows NT 6.1; WOW64) AppleWebKit/537.36 (KHTML, like Gecko) Chrome/39.0.2171.99 Safari/537.36" 
134.148.200.175 - - [20/Jan/2015:16:18:44 -0800] "GET /favicon.ico HTTP/1.1" 404 339 "-" "Mozilla/5.0 (Windows NT 6.1; WOW64) AppleWebKit/537.36 (KHTML, like Gecko) Chrome/39.0.2171.99 Safari/537.36" 
134.148.200.175 - - [20/Jan/2015:16:18:52 -0800] "GET /self.logs/access.log.2015-01-17.gz HTTP/1.1" 200 3597 "http://www.secrepo.com/self.logs/" "Mozilla/5.0 (Windows NT 6.1; WOW64) AppleWebKit/537.36 (KHTML, like Gecko) Chrome/39.0.2171.99 Safari/537.36" 
66.117.9.219 - - [20/Jan/2015:16:22:24 -0800] "OPTIONS / HTTP/1.1" 200 270 "-" "Mozilla/5.0 (Windows NT 6.2; WOW64) AppleWebKit/537.36 (KHTML, like Gecko) Chrome/29.0.1547.0 Safari/537.36" 
134.148.200.175 - - [20/Jan/2015:16:22:38 -0800] "GET /auth.log/auth.log.gz HTTP/1.1" 200 554524 "http://www.secrepo.com/" "Mozilla/5.0 (Windows NT 6.1; WOW64) AppleWebKit/537.36 (KHTML, like Gecko) Chrome/39.0.2171.99 Safari/537.36" 
134.148.200.175 - - [20/Jan/2015:16:34:10 -0800] "GET /auth.log/auth.log.gz HTTP/1.1" 200 554524 "http://www.secrepo.com/" "Mozilla/5.0 (Windows NT 6.1; WOW64) AppleWebKit/537.36 (KHTML, like Gecko) Chrome/39.0.2171.99 Safari/537.36" 
134.148.200.175 - - [20/Jan/2015:16:32:45 -0800] "GET /maccdc2012/http.log.gz HTTP/1.1" 200 54258816 "http://www.secrepo.com/" "Mozilla/5.0 (Windows NT 6.1; WOW64) AppleWebKit/537.36 (KHTML, like Gecko) Chrome/39.0.2171.99 Safari/537.36" 
180.76.6.44 - - [20/Jan/2015:17:33:17 -0800] "GET /honeypot/Honeypot%20-%20Howto.pdf HTTP/1.1" 200 1279381 "-" "Mozilla/5.0 (compatible; Baiduspider/2.0; +http://www.baidu.com/search/spider.html)" 
134.148.200.175 - - [20/Jan/2015:17:38:51 -0800] "GET /self.logs/ HTTP/1.1" 200 561 "http://www.secrepo.com/" "Mozilla/5.0 (Windows NT 6.1; WOW64) AppleWebKit/537.36 (KHTML, like Gecko) Chrome/39.0.2171.99 Safari/537.36" 
134.148.200.175 - - [20/Jan/2015:17:39:05 -0800] "GET /squid/access.log.gz HTTP/1.1" 200 23177322 "http://www.secrepo.com/" "Mozilla/5.0 (Windows NT 6.1; WOW64) AppleWebKit/537.36 (KHTML, like Gecko) Chrome/39.0.2171.99 Safari/537.36" 
66.249.67.151 - - [20/Jan/2015:17:43:25 -0800] "GET /favicon.ico HTTP/1.1" 200 268 "-" "Googlebot-Image/1.0" 
14.147.123.90 - - [20/Jan/2015:18:24:47 -0800] "GET /honeypot/Honeypot HTTP/1.1" 404 340 "-" "Mozilla/4.0 (compatible; MSIE 6.0; Windows NT 5.1; SV1;)" 
96.255.236.182 - - [20/Jan/2015:20:00:34 -0800] "GET / HTTP/1.1" 200 6405 "-" "Mozilla/5.0 (iPad; CPU OS 8_1_2 like Mac OS X) AppleWebKit/600.1.4 (KHTML, like Gecko) Version/8.0 Mobile/12B440 Safari/600.1.4" 
98.218.6.0 - - [20/Jan/2015:20:02:47 -0800] "GET /bootstrap/img/favicon.ico HTTP/1.1" 200 590 "-" "Mozilla/5.0 (iPad; CPU OS 7_1 like Mac OS X) AppleWebKit/537.51.2 (KHTML, like Gecko) CriOS/40.0.2214.61 Mobile/11D167 Safari/9537.53" 
98.218.6.0 - - [20/Jan/2015:20:02:47 -0800] "GET /bootstrap/img/apple-touch-icon.png HTTP/1.1" 404 339 "-" "Mozilla/5.0 (iPad; CPU OS 7_1 like Mac OS X) AppleWebKit/537.51.2 (KHTML, like Gecko) CriOS/40.0.2214.61 Mobile/11D167 Safari/9537.53" 
98.218.6.0 - - [20/Jan/2015:20:02:48 -0800] "GET /bootstrap/img/apple-touch-icon-72x72.png HTTP/1.1" 404 339 "-" "Mozilla/5.0 (iPad; CPU OS 7_1 like Mac OS X) AppleWebKit/537.51.2 (KHTML, like Gecko) CriOS/40.0.2214.61 Mobile/11D167 Safari/9537.53" 
98.218.6.0 - - [20/Jan/2015:20:02:48 -0800] "GET /bootstrap/img/apple-touch-icon-114x114.png HTTP/1.1" 404 339 "-" "Mozilla/5.0 (iPad; CPU OS 7_1 like Mac OS X) AppleWebKit/537.51.2 (KHTML, like Gecko) CriOS/40.0.2214.61 Mobile/11D167 Safari/9537.53" 
176.102.38.151 - - [20/Jan/2015:21:21:49 -0800] "GET /wp-login.php HTTP/1.0" 301 522 "-" "Mozilla/4.0 (compatible; Synapse)" 
176.102.38.151 - - [20/Jan/2015:21:21:49 -0800] "GET /administrator/index.php HTTP/1.0" 301 544 "-" "Mozilla/4.0 (compatible; Synapse)" 
176.102.38.151 - - [20/Jan/2015:21:21:50 -0800] "GET /user/ HTTP/1.0" 301 508 "-" "Mozilla/4.0 (compatible; Synapse)" 
176.102.38.151 - - [20/Jan/2015:21:21:50 -0800] "GET / HTTP/1.0" 301 498 "-" "Mozilla/4.0 (compatible; Synapse)" 
104.130.160.87 - - [20/Jan/2015:21:39:31 -0800] "GET /honeypot/BSidesDFW%2B-%2B2014.ipynb HTTP/1.1" 301 486 "-" "Tornado-Async-Client" 
104.130.160.87 - - [20/Jan/2015:21:39:31 -0800] "GET /honeypot/BSidesDFW+-+2014.ipynb HTTP/1.1" 404 284 "-" "Tornado-Async-Client" 
157.55.39.14 - - [20/Jan/2015:21:46:58 -0800] "GET /robots.txt HTTP/1.1" 200 289 "-" "Mozilla/5.0 (compatible; bingbot/2.0; +http://www.bing.com/bingbot.htm)" 
157.55.39.14 - - [20/Jan/2015:21:47:05 -0800] "GET / HTTP/1.1" 200 6405 "-" "Mozilla/5.0 (compatible; bingbot/2.0; +http://www.bing.com/bingbot.htm)" 
66.249.67.151 - - [20/Jan/2015:23:05:18 -0800] "GET /robots.txt HTTP/1.1" 200 334 "-" "Mozilla/5.0 (compatible; Googlebot/2.1; +http://www.google.com/bot.html)" 
66.249.67.159 - - [20/Jan/2015:23:05:18 -0800] "GET /maccdc2012/ssl.log.gz HTTP/1.1" 200 1313675 "-" "Mozilla/5.0 (iPhone; CPU iPhone OS 6_0 like Mac OS X) AppleWebKit/536.26 (KHTML, like Gecko) Version/6.0 Mobile/10A5376e Safari/8536.25 (compatible; Googlebot/2.1; +http://www.google.com/bot.html)" 
104.130.20.53 - - [20/Jan/2015:23:23:25 -0800] "GET /honeypot/BSidesDFW%20-%202014.ipynb HTTP/1.1" 301 484 "-" "Tornado-Async-Client" 
104.130.20.53 - - [20/Jan/2015:23:23:25 -0800] "GET /honeypot/BSidesDFW%20-%202014.ipynb HTTP/1.1" 200 930780 "-" "Tornado-Async-Client" 
216.46.175.33 - - [20/Jan/2015:23:42:55 -0800] "HEAD / HTTP/1.1" 301 246 "-" "Google-HTTP-Java-Client/1.17.0-rc (gzip)" 
216.46.190.190 - - [20/Jan/2015:23:42:55 -0800] "HEAD / HTTP/1.1" 200 295 "-" "Google-HTTP-Java-Client/1.17.0-rc (gzip)" 
66.249.67.151 - - [20/Jan/2015:23:49:29 -0800] "GET /maccdc2012/notice.log.gz HTTP/1.1" 200 20779 "-" "Mozilla/5.0 (iPhone; CPU iPhone OS 6_0 like Mac OS X) AppleWebKit/536.26 (KHTML, like Gecko) Version/6.0 Mobile/10A5376e Safari/8536.25 (compatible; Googlebot/2.1; +http://www.google.com/bot.html)" 
66.249.67.2 - - [21/Jan/2015:00:33:40 -0800] "GET /squid/access.log.gz HTTP/1.1" 200 15811242 "-" "Mozilla/5.0 (iPhone; CPU iPhone OS 6_0 like Mac OS X) AppleWebKit/536.26 (KHTML, like Gecko) Version/6.0 Mobile/10A5376e Safari/8536.25 (compatible; Googlebot/2.1; +http://www.google.com/bot.html)" 
